../Core/Src/main.c:69:6:HAL_UART_RxCpltCallback	16	static
../Core/Src/main.c:83:6:intercep_UartCmd	8	static
../Core/Src/main.c:95:5:main	8	static
../Core/Src/main.c:173:6:SystemClock_Config	72	static
../Core/Src/main.c:213:13:MX_I2C1_Init	8	static
../Core/Src/main.c:247:13:MX_TIM2_Init	32	static
../Core/Src/main.c:292:13:MX_USART2_UART_Init	8	static
../Core/Src/main.c:325:13:MX_GPIO_Init	40	static
../Core/Src/main.c:347:6:HAL_TIM_PeriodElapsedCallback	16	static
../Core/Src/main.c:358:6:Error_Handler	4	static,ignoring_inline_asm
