Archive member included to satisfy reference by file (symbol)

f:/applications/stm32cubeide_1.11.2/stm32cubeide/plugins/com.st.stm32cube.ide.mcu.externaltools.gnu-tools-for-stm32.10.3-2021.10.win32_1.0.100.202210260954/tools/bin/../lib/gcc/arm-none-eabi/10.3.1/../../../../arm-none-eabi/lib/thumb/v7-m/nofp\libc_nano.a(lib_a-errno.o)
                              ./Core/Src/syscalls.o (__errno)
f:/applications/stm32cubeide_1.11.2/stm32cubeide/plugins/com.st.stm32cube.ide.mcu.externaltools.gnu-tools-for-stm32.10.3-2021.10.win32_1.0.100.202210260954/tools/bin/../lib/gcc/arm-none-eabi/10.3.1/../../../../arm-none-eabi/lib/thumb/v7-m/nofp\libc_nano.a(lib_a-exit.o)
                              f:/applications/stm32cubeide_1.11.2/stm32cubeide/plugins/com.st.stm32cube.ide.mcu.externaltools.gnu-tools-for-stm32.10.3-2021.10.win32_1.0.100.202210260954/tools/bin/../lib/gcc/arm-none-eabi/10.3.1/../../../../arm-none-eabi/lib/thumb/v7-m/nofp/crt0.o (exit)
f:/applications/stm32cubeide_1.11.2/stm32cubeide/plugins/com.st.stm32cube.ide.mcu.externaltools.gnu-tools-for-stm32.10.3-2021.10.win32_1.0.100.202210260954/tools/bin/../lib/gcc/arm-none-eabi/10.3.1/../../../../arm-none-eabi/lib/thumb/v7-m/nofp\libc_nano.a(lib_a-impure.o)
                              f:/applications/stm32cubeide_1.11.2/stm32cubeide/plugins/com.st.stm32cube.ide.mcu.externaltools.gnu-tools-for-stm32.10.3-2021.10.win32_1.0.100.202210260954/tools/bin/../lib/gcc/arm-none-eabi/10.3.1/../../../../arm-none-eabi/lib/thumb/v7-m/nofp\libc_nano.a(lib_a-exit.o) (_global_impure_ptr)
f:/applications/stm32cubeide_1.11.2/stm32cubeide/plugins/com.st.stm32cube.ide.mcu.externaltools.gnu-tools-for-stm32.10.3-2021.10.win32_1.0.100.202210260954/tools/bin/../lib/gcc/arm-none-eabi/10.3.1/../../../../arm-none-eabi/lib/thumb/v7-m/nofp\libc_nano.a(lib_a-init.o)
                              f:/applications/stm32cubeide_1.11.2/stm32cubeide/plugins/com.st.stm32cube.ide.mcu.externaltools.gnu-tools-for-stm32.10.3-2021.10.win32_1.0.100.202210260954/tools/bin/../lib/gcc/arm-none-eabi/10.3.1/../../../../arm-none-eabi/lib/thumb/v7-m/nofp/crt0.o (__libc_init_array)
f:/applications/stm32cubeide_1.11.2/stm32cubeide/plugins/com.st.stm32cube.ide.mcu.externaltools.gnu-tools-for-stm32.10.3-2021.10.win32_1.0.100.202210260954/tools/bin/../lib/gcc/arm-none-eabi/10.3.1/../../../../arm-none-eabi/lib/thumb/v7-m/nofp\libc_nano.a(lib_a-memset.o)
                              f:/applications/stm32cubeide_1.11.2/stm32cubeide/plugins/com.st.stm32cube.ide.mcu.externaltools.gnu-tools-for-stm32.10.3-2021.10.win32_1.0.100.202210260954/tools/bin/../lib/gcc/arm-none-eabi/10.3.1/../../../../arm-none-eabi/lib/thumb/v7-m/nofp/crt0.o (memset)
f:/applications/stm32cubeide_1.11.2/stm32cubeide/plugins/com.st.stm32cube.ide.mcu.externaltools.gnu-tools-for-stm32.10.3-2021.10.win32_1.0.100.202210260954/tools/bin/../lib/gcc/arm-none-eabi/10.3.1/../../../../arm-none-eabi/lib/thumb/v7-m/nofp\libc_nano.a(lib_a-snprintf.o)
                              ./Core/Src/uart_reading.o (snprintf)
f:/applications/stm32cubeide_1.11.2/stm32cubeide/plugins/com.st.stm32cube.ide.mcu.externaltools.gnu-tools-for-stm32.10.3-2021.10.win32_1.0.100.202210260954/tools/bin/../lib/gcc/arm-none-eabi/10.3.1/../../../../arm-none-eabi/lib/thumb/v7-m/nofp\libc_nano.a(lib_a-sprintf.o)
                              ./Core/Src/dht20.o (sprintf)
f:/applications/stm32cubeide_1.11.2/stm32cubeide/plugins/com.st.stm32cube.ide.mcu.externaltools.gnu-tools-for-stm32.10.3-2021.10.win32_1.0.100.202210260954/tools/bin/../lib/gcc/arm-none-eabi/10.3.1/../../../../arm-none-eabi/lib/thumb/v7-m/nofp\libc_nano.a(lib_a-strlen.o)
                              ./Core/Src/dht20.o (strlen)
f:/applications/stm32cubeide_1.11.2/stm32cubeide/plugins/com.st.stm32cube.ide.mcu.externaltools.gnu-tools-for-stm32.10.3-2021.10.win32_1.0.100.202210260954/tools/bin/../lib/gcc/arm-none-eabi/10.3.1/../../../../arm-none-eabi/lib/thumb/v7-m/nofp\libc_nano.a(lib_a-nano-svfprintf.o)
                              f:/applications/stm32cubeide_1.11.2/stm32cubeide/plugins/com.st.stm32cube.ide.mcu.externaltools.gnu-tools-for-stm32.10.3-2021.10.win32_1.0.100.202210260954/tools/bin/../lib/gcc/arm-none-eabi/10.3.1/../../../../arm-none-eabi/lib/thumb/v7-m/nofp\libc_nano.a(lib_a-snprintf.o) (_svfprintf_r)
f:/applications/stm32cubeide_1.11.2/stm32cubeide/plugins/com.st.stm32cube.ide.mcu.externaltools.gnu-tools-for-stm32.10.3-2021.10.win32_1.0.100.202210260954/tools/bin/../lib/gcc/arm-none-eabi/10.3.1/../../../../arm-none-eabi/lib/thumb/v7-m/nofp\libc_nano.a(lib_a-nano-vfprintf_i.o)
                              f:/applications/stm32cubeide_1.11.2/stm32cubeide/plugins/com.st.stm32cube.ide.mcu.externaltools.gnu-tools-for-stm32.10.3-2021.10.win32_1.0.100.202210260954/tools/bin/../lib/gcc/arm-none-eabi/10.3.1/../../../../arm-none-eabi/lib/thumb/v7-m/nofp\libc_nano.a(lib_a-nano-svfprintf.o) (_printf_i)
[...]
Memory Configuration

Name             Origin             Length             Attributes
RAM              0x0000000020000000 0x0000000000005000 xrw
FLASH            0x0000000008000000 0x0000000000020000 xr
*default*        0x0000000000000000 0xffffffffffffffff

Linker script and memory map

LOAD f:/applications/stm32cubeide_1.11.2/stm32cubeide/plugins/com.st.stm32cube.ide.mcu.externaltools.gnu-tools-for-stm32.10.3-2021.10.win32_1.0.100.202210260954/tools/bin/../lib/gcc/arm-none-eabi/10.3.1/thumb/v7-m/nofp/crti.o
LOAD f:/applications/stm32cubeide_1.11.2/stm32cubeide/plugins/com.st.stm32cube.ide.mcu.externaltools.gnu-tools-for-stm32.10.3-2021.10.win32_1.0.100.202210260954/tools/bin/../lib/gcc/arm-none-eabi/10.3.1/thumb/v7-m/nofp/crtbegin.o
LOAD f:/applications/stm32cubeide_1.11.2/stm32cubeide/plugins/com.st.stm32cube.ide.mcu.externaltools.gnu-tools-for-stm32.10.3-2021.10.win32_1.0.100.202210260954/tools/bin/../lib/gcc/arm-none-eabi/10.3.1/../../../../arm-none-eabi/lib/thumb/v7-m/nofp/crt0.o
LOAD ./Core/Src/dht20.o
LOAD ./Core/Src/i2c-lcd.o
LOAD ./Core/Src/led_display.o
LOAD ./Core/Src/main.o
LOAD ./Core/Src/scheduler.o
LOAD ./Core/Src/software_timer.o
LOAD ./Core/Src/stm32f1xx_hal_msp.o
LOAD ./Core/Src/stm32f1xx_it.o
LOAD ./Core/Src/syscalls.o
LOAD ./Core/Src/sysmem.o
LOAD ./Core/Src/system_stm32f1xx.o
LOAD ./Core/Src/uart_reading.o
LOAD ./Core/Startup/startup_stm32f103rbtx.o
LOAD ./Drivers/STM32F1xx_HAL_Driver/Src/stm32f1xx_hal.o
LOAD ./Drivers/STM32F1xx_HAL_Driver/Src/stm32f1xx_hal_cortex.o
LOAD ./Drivers/STM32F1xx_HAL_Driver/Src/stm32f1xx_hal_dma.o
LOAD ./Drivers/STM32F1xx_HAL_Driver/Src/stm32f1xx_hal_exti.o
LOAD ./Drivers/STM32F1xx_HAL_Driver/Src/stm32f1xx_hal_flash.o
LOAD ./Drivers/STM32F1xx_HAL_Driver/Src/stm32f1xx_hal_flash_ex.o
LOAD ./Drivers/STM32F1xx_HAL_Driver/Src/stm32f1xx_hal_gpio.o
LOAD ./Drivers/STM32F1xx_HAL_Driver/Src/stm32f1xx_hal_gpio_ex.o
LOAD ./Drivers/STM32F1xx_HAL_Driver/Src/stm32f1xx_hal_i2c.o
LOAD ./Drivers/STM32F1xx_HAL_Driver/Src/stm32f1xx_hal_pwr.o
LOAD ./Drivers/STM32F1xx_HAL_Driver/Src/stm32f1xx_hal_rcc.o
LOAD ./Drivers/STM32F1xx_HAL_Driver/Src/stm32f1xx_hal_rcc_ex.o
LOAD ./Drivers/STM32F1xx_HAL_Driver/Src/stm32f1xx_hal_tim.o
LOAD ./Drivers/STM32F1xx_HAL_Driver/Src/stm32f1xx_hal_tim_ex.o
LOAD ./Drivers/STM32F1xx_HAL_Driver/Src/stm32f1xx_hal_uart.o
START GROUP
LOAD f:/applications/stm32cubeide_1.11.2/stm32cubeide/plugins/com.st.stm32cube.ide.mcu.externaltools.gnu-tools-for-stm32.10.3-2021.10.win32_1.0.100.202210260954/tools/bin/../lib/gcc/arm-none-eabi/10.3.1/../../../../arm-none-eabi/lib/thumb/v7-m/nofp\libc_nano.a
LOAD f:/applications/stm32cubeide_1.11.2/stm32cubeide/plugins/com.st.stm32cube.ide.mcu.externaltools.gnu-tools-for-stm32.10.3-2021.10.win32_1.0.100.202210260954/tools/bin/../lib/gcc/arm-none-eabi/10.3.1/../../../../arm-none-eabi/lib/thumb/v7-m/nofp\libm.a
END GROUP
START GROUP
LOAD f:/applications/stm32cubeide_1.11.2/stm32cubeide/plugins/com.st.stm32cube.ide.mcu.externaltools.gnu-tools-for-stm32.10.3-2021.10.win32_1.0.100.202210260954/tools/bin/../lib/gcc/arm-none-eabi/10.3.1/thumb/v7-m/nofp\libgcc.a
LOAD f:/applications/stm32cubeide_1.11.2/stm32cubeide/plugins/com.st.stm32cube.ide.mcu.externaltools.gnu-tools-for-stm32.10.3-2021.10.win32_1.0.100.202210260954/tools/bin/../lib/gcc/arm-none-eabi/10.3.1/../../../../arm-none-eabi/lib/thumb/v7-m/nofp\libc_nano.a
END GROUP
START GROUP
LOAD f:/applications/stm32cubeide_1.11.2/stm32cubeide/plugins/com.st.stm32cube.ide.mcu.externaltools.gnu-tools-for-stm32.10.3-2021.10.win32_1.0.100.202210260954/tools/bin/../lib/gcc/arm-none-eabi/10.3.1/thumb/v7-m/nofp\libgcc.a
LOAD f:/applications/stm32cubeide_1.11.2/stm32cubeide/plugins/com.st.stm32cube.ide.mcu.externaltools.gnu-tools-for-stm32.10.3-2021.10.win32_1.0.100.202210260954/tools/bin/../lib/gcc/arm-none-eabi/10.3.1/../../../../arm-none-eabi/lib/thumb/v7-m/nofp\libc_nano.a
LOAD f:/applications/stm32cubeide_1.11.2/stm32cubeide/plugins/com.st.stm32cube.ide.mcu.externaltools.gnu-tools-for-stm32.10.3-2021.10.win32_1.0.100.202210260954/tools/bin/../lib/gcc/arm-none-eabi/10.3.1/../../../../arm-none-eabi/lib/thumb/v7-m/nofp\libnosys.a
END GROUP
START GROUP
LOAD f:/applications/stm32cubeide_1.11.2/stm32cubeide/plugins/com.st.stm32cube.ide.mcu.externaltools.gnu-tools-for-stm32.10.3-2021.10.win32_1.0.100.202210260954/tools/bin/../lib/gcc/arm-none-eabi/10.3.1/thumb/v7-m/nofp\libgcc.a
LOAD f:/applications/stm32cubeide_1.11.2/stm32cubeide/plugins/com.st.stm32cube.ide.mcu.externaltools.gnu-tools-for-stm32.10.3-2021.10.win32_1.0.100.202210260954/tools/bin/../lib/gcc/arm-none-eabi/10.3.1/../../../../arm-none-eabi/lib/thumb/v7-m/nofp\libc_nano.a
LOAD f:/applications/stm32cubeide_1.11.2/stm32cubeide/plugins/com.st.stm32cube.ide.mcu.externaltools.gnu-tools-for-stm32.10.3-2021.10.win32_1.0.100.202210260954/tools/bin/../lib/gcc/arm-none-eabi/10.3.1/../../../../arm-none-eabi/lib/thumb/v7-m/nofp\libnosys.a
END GROUP
LOAD f:/applications/stm32cubeide_1.11.2/stm32cubeide/plugins/com.st.stm32cube.ide.mcu.externaltools.gnu-tools-for-stm32.10.3-2021.10.win32_1.0.100.202210260954/tools/bin/../lib/gcc/arm-none-eabi/10.3.1/thumb/v7-m/nofp/crtend.o
LOAD f:/applications/stm32cubeide_1.11.2/stm32cubeide/plugins/com.st.stm32cube.ide.mcu.externaltools.gnu-tools-for-stm32.10.3-2021.10.win32_1.0.100.202210260954/tools/bin/../lib/gcc/arm-none-eabi/10.3.1/thumb/v7-m/nofp/crtn.o
                0x0000000020005000                _estack = (ORIGIN (RAM) + LENGTH (RAM))
                0x0000000000000200                _Min_Heap_Size = 0x200
                0x0000000000000400                _Min_Stack_Size = 0x400

.isr_vector     0x0000000008000000      0x10c
                0x0000000008000000                . = ALIGN (0x4)
 *(.isr_vector)
 .isr_vector    0x0000000008000000      0x10c ./Core/Startup/startup_stm32f103rbtx.o
                0x0000000008000000                g_pfnVectors
                0x000000000800010c                . = ALIGN (0x4)

.text           0x000000000800010c     0x4f6c
                0x000000000800010c                . = ALIGN (0x4)
 *(.text)
 .text          0x000000000800010c       0x40 f:/applications/stm32cubeide_1.11.2/stm32cubeide/plugins/com.st.stm32cube.ide.mcu.externaltools.gnu-tools-for-stm32.10.3-2021.10.win32_1.0.100.202210260954/tools/bin/../lib/gcc/arm-none-eabi/10.3.1/thumb/v7-m/nofp/crtbegin.o
 .text          0x000000000800014c       0x10 f:/applications/stm32cubeide_1.11.2/stm32cubeide/plugins/com.st.stm32cube.ide.mcu.externaltools.gnu-tools-for-stm32.10.3-2021.10.win32_1.0.100.202210260954/tools/bin/../lib/gcc/arm-none-eabi/10.3.1/../../../../arm-none-eabi/lib/thumb/v7-m/nofp\libc_nano.a(lib_a-strlen.o)
                0x000000000800014c                strlen
 *(.text*)
 .text.dht20_init
                0x000000000800015c       0x58 ./Core/Src/dht20.o
                0x000000000800015c                dht20_init
 .text.dht20_reset
                0x00000000080001b4       0x78 ./Core/Src/dht20.o
                0x00000000080001b4                dht20_reset
 .text.dht20_start
                0x000000000800022c       0x8c ./Core/Src/dht20.o
                0x000000000800022c                dht20_start
 .text.dht20_read
                0x00000000080002b8       0xb8 ./Core/Src/dht20.o
                0x00000000080002b8                dht20_read
 .text.dht20_output
                0x0000000008000370      0x13c ./Core/Src/dht20.o
                0x0000000008000370                dht20_output
 .text.lcd_send_cmd
                0x00000000080004ac       0x60 ./Core/Src/i2c-lcd.o
                0x00000000080004ac                lcd_send_cmd
 .text.lcd_send_data
                0x000000000800050c       0x60 ./Core/Src/i2c-lcd.o
                0x000000000800050c                lcd_send_data
 .text.lcd_init
                0x000000000800056c       0x5c ./Core/Src/i2c-lcd.o
                0x000000000800056c                lcd_init
 .text.lcd_send_string
                0x00000000080005c8       0x2a ./Core/Src/i2c-lcd.o
                0x00000000080005c8                lcd_send_string
 .text.lcd_clear_display
                0x00000000080005f2        0xe ./Core/Src/i2c-lcd.o
                0x00000000080005f2                lcd_clear_display
 .text.lcd_goto_XY
                0x0000000008000600       0x32 ./Core/Src/i2c-lcd.o
                0x0000000008000600                lcd_goto_XY
 *fill*         0x0000000008000632        0x2 
 .text.lcd_greeting
                0x0000000008000634       0x2c ./Core/Src/i2c-lcd.o
                0x0000000008000634                lcd_greeting
 .text.lcd_show_value
                0x0000000008000660       0x2c ./Core/Src/i2c-lcd.o
                0x0000000008000660                lcd_show_value
 .text.turnLedOn
                0x000000000800068c       0x18 ./Core/Src/led_display.o
                0x000000000800068c                turnLedOn
 .text.turnLedOff
                0x00000000080006a4       0x18 ./Core/Src/led_display.o
                0x00000000080006a4                turnLedOff
 .text.HAL_UART_RxCpltCallback
                0x00000000080006bc       0x78 ./Core/Src/main.o
                0x00000000080006bc                HAL_UART_RxCpltCallback
 .text.main     0x0000000008000734       0x84 ./Core/Src/main.o
                0x0000000008000734                main
 .text.SystemClock_Config
                0x00000000080007b8       0x8a ./Core/Src/main.o
                0x00000000080007b8                SystemClock_Config
 *fill*         0x0000000008000842        0x2 
 .text.MX_I2C1_Init
                0x0000000008000844       0x5c ./Core/Src/main.o
 .text.MX_TIM2_Init
                0x00000000080008a0       0x98 ./Core/Src/main.o
 .text.MX_USART2_UART_Init
                0x0000000008000938       0x54 ./Core/Src/main.o
 .text.MX_GPIO_Init
                0x000000000800098c       0x94 ./Core/Src/main.o
 .text.HAL_TIM_PeriodElapsedCallback
                0x0000000008000a20       0x18 ./Core/Src/main.o
                0x0000000008000a20                HAL_TIM_PeriodElapsedCallback
 .text.Error_Handler
                0x0000000008000a38        0xa ./Core/Src/main.o
                0x0000000008000a38                Error_Handler
 *fill*         0x0000000008000a42        0x2 
 .text.SCH_Update
                0x0000000008000a44       0x30 ./Core/Src/scheduler.o
                0x0000000008000a44                SCH_Update
 .text.setTimer1
                0x0000000008000a74       0x28 ./Core/Src/software_timer.o
                0x0000000008000a74                setTimer1
 .text.setTimer2
                0x0000000008000a9c       0x28 ./Core/Src/software_timer.o
                0x0000000008000a9c                setTimer2
 .text.setTimer3
                0x0000000008000ac4       0x28 ./Core/Src/software_timer.o
                0x0000000008000ac4                setTimer3
 .text.timerRun
                0x0000000008000aec      0x19c ./Core/Src/software_timer.o
                0x0000000008000aec                timerRun
 .text.HAL_MspInit
                0x0000000008000c88       0x64 ./Core/Src/stm32f1xx_hal_msp.o
                0x0000000008000c88                HAL_MspInit
 .text.HAL_I2C_MspInit
                0x0000000008000cec       0xa0 ./Core/Src/stm32f1xx_hal_msp.o
                0x0000000008000cec                HAL_I2C_MspInit
 .text.HAL_TIM_Base_MspInit
                0x0000000008000d8c       0x48 ./Core/Src/stm32f1xx_hal_msp.o
                0x0000000008000d8c                HAL_TIM_Base_MspInit
 .text.HAL_UART_MspInit
                0x0000000008000dd4       0xa4 ./Core/Src/stm32f1xx_hal_msp.o
                0x0000000008000dd4                HAL_UART_MspInit
 .text.NMI_Handler
                0x0000000008000e78        0x6 ./Core/Src/stm32f1xx_it.o
                0x0000000008000e78                NMI_Handler
 .text.HardFault_Handler
                0x0000000008000e7e        0x6 ./Core/Src/stm32f1xx_it.o
                0x0000000008000e7e                HardFault_Handler
 .text.MemManage_Handler
                0x0000000008000e84        0x6 ./Core/Src/stm32f1xx_it.o
                0x0000000008000e84                MemManage_Handler
 .text.BusFault_Handler
                0x0000000008000e8a        0x6 ./Core/Src/stm32f1xx_it.o
                0x0000000008000e8a                BusFault_Handler
 .text.UsageFault_Handler
                0x0000000008000e90        0x6 ./Core/Src/stm32f1xx_it.o
                0x0000000008000e90                UsageFault_Handler
 .text.SVC_Handler
                0x0000000008000e96        0xc ./Core/Src/stm32f1xx_it.o
                0x0000000008000e96                SVC_Handler
 .text.DebugMon_Handler
                0x0000000008000ea2        0xc ./Core/Src/stm32f1xx_it.o
                0x0000000008000ea2                DebugMon_Handler
 .text.PendSV_Handler
                0x0000000008000eae        0xc ./Core/Src/stm32f1xx_it.o
                0x0000000008000eae                PendSV_Handler
 .text.SysTick_Handler
                0x0000000008000eba        0xc ./Core/Src/stm32f1xx_it.o
                0x0000000008000eba                SysTick_Handler
 *fill*         0x0000000008000ec6        0x2 
 .text.TIM2_IRQHandler
                0x0000000008000ec8       0x14 ./Core/Src/stm32f1xx_it.o
                0x0000000008000ec8                TIM2_IRQHandler
 .text.USART2_IRQHandler
                0x0000000008000edc       0x14 ./Core/Src/stm32f1xx_it.o
                0x0000000008000edc                USART2_IRQHandler
 .text._sbrk    0x0000000008000ef0       0x6c ./Core/Src/sysmem.o
                0x0000000008000ef0                _sbrk
 .text.SystemInit
                0x0000000008000f5c        0xc ./Core/Src/system_stm32f1xx.o
                0x0000000008000f5c                SystemInit
 .text.isCmdEqualToRST
                0x0000000008000f68       0x2a ./Core/Src/uart_reading.o
                0x0000000008000f68                isCmdEqualToRST
 .text.isCmdEqualToCAP
                0x0000000008000f92       0x2a ./Core/Src/uart_reading.o
                0x0000000008000f92                isCmdEqualToCAP
 .text.cmd_parser_fsm
                0x0000000008000fbc       0xd0 ./Core/Src/uart_reading.o
                0x0000000008000fbc                cmd_parser_fsm
 .text.uart_control_fsm
                0x000000000800108c       0xb4 ./Core/Src/uart_reading.o
                0x000000000800108c                uart_control_fsm
 .text.Scan_Addr
                0x0000000008001140       0xc4 ./Core/Src/uart_reading.o
                0x0000000008001140                Scan_Addr
 .text.Reset_Handler
                0x0000000008001204       0x48 ./Core/Startup/startup_stm32f103rbtx.o
                0x0000000008001204                Reset_Handler
 .text.Default_Handler
                0x000000000800124c        0x2 ./Core/Startup/startup_stm32f103rbtx.o
                0x000000000800124c                RTC_Alarm_IRQHandler
                0x000000000800124c                EXTI2_IRQHandler
                0x000000000800124c                TIM1_CC_IRQHandler
                0x000000000800124c                PVD_IRQHandler
                0x000000000800124c                EXTI3_IRQHandler
                0x000000000800124c                EXTI0_IRQHandler
                0x000000000800124c                I2C2_EV_IRQHandler
                0x000000000800124c                ADC1_2_IRQHandler
                0x000000000800124c                SPI1_IRQHandler
                0x000000000800124c                TAMPER_IRQHandler
                0x000000000800124c                DMA1_Channel4_IRQHandler
                0x000000000800124c                USART3_IRQHandler
                0x000000000800124c                RTC_IRQHandler
                0x000000000800124c                DMA1_Channel7_IRQHandler
                0x000000000800124c                CAN1_RX1_IRQHandler
                0x000000000800124c                TIM4_IRQHandler
                0x000000000800124c                I2C1_EV_IRQHandler
                0x000000000800124c                DMA1_Channel6_IRQHandler
                0x000000000800124c                TIM3_IRQHandler
                0x000000000800124c                RCC_IRQHandler
                0x000000000800124c                TIM1_TRG_COM_IRQHandler
                0x000000000800124c                DMA1_Channel1_IRQHandler
                0x000000000800124c                Default_Handler
                0x000000000800124c                EXTI15_10_IRQHandler
                0x000000000800124c                EXTI9_5_IRQHandler
                0x000000000800124c                SPI2_IRQHandler
                0x000000000800124c                DMA1_Channel5_IRQHandler
                0x000000000800124c                EXTI4_IRQHandler
                0x000000000800124c                USB_LP_CAN1_RX0_IRQHandler
                0x000000000800124c                USB_HP_CAN1_TX_IRQHandler
                0x000000000800124c                DMA1_Channel3_IRQHandler
                0x000000000800124c                TIM1_UP_IRQHandler
                0x000000000800124c                WWDG_IRQHandler
                0x000000000800124c                TIM1_BRK_IRQHandler
                0x000000000800124c                EXTI1_IRQHandler
                0x000000000800124c                I2C2_ER_IRQHandler
                0x000000000800124c                DMA1_Channel2_IRQHandler
                0x000000000800124c                CAN1_SCE_IRQHandler
                0x000000000800124c                FLASH_IRQHandler
                0x000000000800124c                USART1_IRQHandler
                0x000000000800124c                I2C1_ER_IRQHandler
                0x000000000800124c                USBWakeUp_IRQHandler
 *fill*         0x000000000800124e        0x2 
 .text.HAL_Init
                0x0000000008001250       0x2c ./Drivers/STM32F1xx_HAL_Driver/Src/stm32f1xx_hal.o
                0x0000000008001250                HAL_Init
 .text.HAL_InitTick
                0x000000000800127c       0x60 ./Drivers/STM32F1xx_HAL_Driver/Src/stm32f1xx_hal.o
                0x000000000800127c                HAL_InitTick
 .text.HAL_IncTick
                0x00000000080012dc       0x24 ./Drivers/STM32F1xx_HAL_Driver/Src/stm32f1xx_hal.o
                0x00000000080012dc                HAL_IncTick
 .text.HAL_GetTick
                0x0000000008001300       0x14 ./Drivers/STM32F1xx_HAL_Driver/Src/stm32f1xx_hal.o
                0x0000000008001300                HAL_GetTick
 .text.HAL_Delay
                0x0000000008001314       0x48 ./Drivers/STM32F1xx_HAL_Driver/Src/stm32f1xx_hal.o
                0x0000000008001314                HAL_Delay
 .text.__NVIC_SetPriorityGrouping
                0x000000000800135c       0x48 ./Drivers/STM32F1xx_HAL_Driver/Src/stm32f1xx_hal_cortex.o
 .text.__NVIC_GetPriorityGrouping
                0x00000000080013a4       0x1c ./Drivers/STM32F1xx_HAL_Driver/Src/stm32f1xx_hal_cortex.o
 .text.__NVIC_EnableIRQ
                0x00000000080013c0       0x38 ./Drivers/STM32F1xx_HAL_Driver/Src/stm32f1xx_hal_cortex.o
 .text.__NVIC_SetPriority
                0x00000000080013f8       0x54 ./Drivers/STM32F1xx_HAL_Driver/Src/stm32f1xx_hal_cortex.o
 .text.NVIC_EncodePriority
                0x000000000800144c       0x64 ./Drivers/STM32F1xx_HAL_Driver/Src/stm32f1xx_hal_cortex.o
 .text.SysTick_Config
                0x00000000080014b0       0x44 ./Drivers/STM32F1xx_HAL_Driver/Src/stm32f1xx_hal_cortex.o
 .text.HAL_NVIC_SetPriorityGrouping
                0x00000000080014f4       0x16 ./Drivers/STM32F1xx_HAL_Driver/Src/stm32f1xx_hal_cortex.o
                0x00000000080014f4                HAL_NVIC_SetPriorityGrouping
 .text.HAL_NVIC_SetPriority
                0x000000000800150a       0x38 ./Drivers/STM32F1xx_HAL_Driver/Src/stm32f1xx_hal_cortex.o
                0x000000000800150a                HAL_NVIC_SetPriority
 .text.HAL_NVIC_EnableIRQ
                0x0000000008001542       0x1c ./Drivers/STM32F1xx_HAL_Driver/Src/stm32f1xx_hal_cortex.o
                0x0000000008001542                HAL_NVIC_EnableIRQ
 .text.HAL_SYSTICK_Config
                0x000000000800155e       0x18 ./Drivers/STM32F1xx_HAL_Driver/Src/stm32f1xx_hal_cortex.o
                0x000000000800155e                HAL_SYSTICK_Config
 .text.HAL_DMA_Abort
                0x0000000008001576       0x74 ./Drivers/STM32F1xx_HAL_Driver/Src/stm32f1xx_hal_dma.o
                0x0000000008001576                HAL_DMA_Abort
 *fill*         0x00000000080015ea        0x2 
 .text.HAL_DMA_Abort_IT
                0x00000000080015ec       0xec ./Drivers/STM32F1xx_HAL_Driver/Src/stm32f1xx_hal_dma.o
                0x00000000080015ec                HAL_DMA_Abort_IT
 .text.HAL_GPIO_Init
                0x00000000080016d8      0x308 ./Drivers/STM32F1xx_HAL_Driver/Src/stm32f1xx_hal_gpio.o
                0x00000000080016d8                HAL_GPIO_Init
 .text.HAL_GPIO_WritePin
                0x00000000080019e0       0x30 ./Drivers/STM32F1xx_HAL_Driver/Src/stm32f1xx_hal_gpio.o
                0x00000000080019e0                HAL_GPIO_WritePin
 .text.HAL_I2C_Init
                0x0000000008001a10      0x288 ./Drivers/STM32F1xx_HAL_Driver/Src/stm32f1xx_hal_i2c.o
                0x0000000008001a10                HAL_I2C_Init
 .text.HAL_I2C_Master_Transmit
                0x0000000008001c98      0x1fc ./Drivers/STM32F1xx_HAL_Driver/Src/stm32f1xx_hal_i2c.o
                0x0000000008001c98                HAL_I2C_Master_Transmit
 .text.HAL_I2C_Master_Receive
                0x0000000008001e94      0x4c0 ./Drivers/STM32F1xx_HAL_Driver/Src/stm32f1xx_hal_i2c.o
                0x0000000008001e94                HAL_I2C_Master_Receive
 .text.HAL_I2C_IsDeviceReady
                0x0000000008002354      0x25c ./Drivers/STM32F1xx_HAL_Driver/Src/stm32f1xx_hal_i2c.o
                0x0000000008002354                HAL_I2C_IsDeviceReady
 .text.I2C_MasterRequestWrite
                0x00000000080025b0      0x104 ./Drivers/STM32F1xx_HAL_Driver/Src/stm32f1xx_hal_i2c.o
 .text.I2C_MasterRequestRead
                0x00000000080026b4      0x19c ./Drivers/STM32F1xx_HAL_Driver/Src/stm32f1xx_hal_i2c.o
 .text.I2C_WaitOnFlagUntilTimeout
                0x0000000008002850       0xae ./Drivers/STM32F1xx_HAL_Driver/Src/stm32f1xx_hal_i2c.o
 .text.I2C_WaitOnMasterAddressFlagUntilTimeout
                0x00000000080028fe       0xfe ./Drivers/STM32F1xx_HAL_Driver/Src/stm32f1xx_hal_i2c.o
 .text.I2C_WaitOnTXEFlagUntilTimeout
                0x00000000080029fc       0x82 ./Drivers/STM32F1xx_HAL_Driver/Src/stm32f1xx_hal_i2c.o
 .text.I2C_WaitOnBTFFlagUntilTimeout
                0x0000000008002a7e       0x82 ./Drivers/STM32F1xx_HAL_Driver/Src/stm32f1xx_hal_i2c.o
 .text.I2C_WaitOnRXNEFlagUntilTimeout
                0x0000000008002b00       0xac ./Drivers/STM32F1xx_HAL_Driver/Src/stm32f1xx_hal_i2c.o
 .text.I2C_IsAcknowledgeFailed
                0x0000000008002bac       0x5c ./Drivers/STM32F1xx_HAL_Driver/Src/stm32f1xx_hal_i2c.o
 .text.HAL_RCC_OscConfig
                0x0000000008002c08      0x504 ./Drivers/STM32F1xx_HAL_Driver/Src/stm32f1xx_hal_rcc.o
                0x0000000008002c08                HAL_RCC_OscConfig
 .text.HAL_RCC_ClockConfig
                0x000000000800310c      0x1d4 ./Drivers/STM32F1xx_HAL_Driver/Src/stm32f1xx_hal_rcc.o
                0x000000000800310c                HAL_RCC_ClockConfig
 .text.HAL_RCC_GetSysClockFreq
                0x00000000080032e0       0xbc ./Drivers/STM32F1xx_HAL_Driver/Src/stm32f1xx_hal_rcc.o
                0x00000000080032e0                HAL_RCC_GetSysClockFreq
 .text.HAL_RCC_GetHCLKFreq
                0x000000000800339c       0x14 ./Drivers/STM32F1xx_HAL_Driver/Src/stm32f1xx_hal_rcc.o
                0x000000000800339c                HAL_RCC_GetHCLKFreq
 .text.HAL_RCC_GetPCLK1Freq
                0x00000000080033b0       0x28 ./Drivers/STM32F1xx_HAL_Driver/Src/stm32f1xx_hal_rcc.o
                0x00000000080033b0                HAL_RCC_GetPCLK1Freq
 .text.HAL_RCC_GetPCLK2Freq
                0x00000000080033d8       0x28 ./Drivers/STM32F1xx_HAL_Driver/Src/stm32f1xx_hal_rcc.o
                0x00000000080033d8                HAL_RCC_GetPCLK2Freq
 .text.RCC_Delay
                0x0000000008003400       0x3c ./Drivers/STM32F1xx_HAL_Driver/Src/stm32f1xx_hal_rcc.o
 .text.HAL_TIM_Base_Init
                0x000000000800343c       0x9e ./Drivers/STM32F1xx_HAL_Driver/Src/stm32f1xx_hal_tim.o
                0x000000000800343c                HAL_TIM_Base_Init
 *fill*         0x00000000080034da        0x2 
 .text.HAL_TIM_Base_Start_IT
                0x00000000080034dc       0xa4 ./Drivers/STM32F1xx_HAL_Driver/Src/stm32f1xx_hal_tim.o
                0x00000000080034dc                HAL_TIM_Base_Start_IT
 .text.HAL_TIM_IRQHandler
                0x0000000008003580      0x210 ./Drivers/STM32F1xx_HAL_Driver/Src/stm32f1xx_hal_tim.o
                0x0000000008003580                HAL_TIM_IRQHandler
 .text.HAL_TIM_ConfigClockSource
                0x0000000008003790      0x188 ./Drivers/STM32F1xx_HAL_Driver/Src/stm32f1xx_hal_tim.o
                0x0000000008003790                HAL_TIM_ConfigClockSource
 .text.HAL_TIM_OC_DelayElapsedCallback
                0x0000000008003918       0x12 ./Drivers/STM32F1xx_HAL_Driver/Src/stm32f1xx_hal_tim.o
                0x0000000008003918                HAL_TIM_OC_DelayElapsedCallback
 .text.HAL_TIM_IC_CaptureCallback
                0x000000000800392a       0x12 ./Drivers/STM32F1xx_HAL_Driver/Src/stm32f1xx_hal_tim.o
                0x000000000800392a                HAL_TIM_IC_CaptureCallback
 .text.HAL_TIM_PWM_PulseFinishedCallback
                0x000000000800393c       0x12 ./Drivers/STM32F1xx_HAL_Driver/Src/stm32f1xx_hal_tim.o
                0x000000000800393c                HAL_TIM_PWM_PulseFinishedCallback
 .text.HAL_TIM_TriggerCallback
                0x000000000800394e       0x12 ./Drivers/STM32F1xx_HAL_Driver/Src/stm32f1xx_hal_tim.o
                0x000000000800394e                HAL_TIM_TriggerCallback
 .text.TIM_Base_SetConfig
                0x0000000008003960       0xc4 ./Drivers/STM32F1xx_HAL_Driver/Src/stm32f1xx_hal_tim.o
                0x0000000008003960                TIM_Base_SetConfig
 .text.TIM_TI1_ConfigInputStage
                0x0000000008003a24       0x5c ./Drivers/STM32F1xx_HAL_Driver/Src/stm32f1xx_hal_tim.o
 .text.TIM_TI2_ConfigInputStage
                0x0000000008003a80       0x5e ./Drivers/STM32F1xx_HAL_Driver/Src/stm32f1xx_hal_tim.o
 .text.TIM_ITRx_SetConfig
                0x0000000008003ade       0x34 ./Drivers/STM32F1xx_HAL_Driver/Src/stm32f1xx_hal_tim.o
 .text.TIM_ETR_SetConfig
                0x0000000008003b12       0x3e ./Drivers/STM32F1xx_HAL_Driver/Src/stm32f1xx_hal_tim.o
                0x0000000008003b12                TIM_ETR_SetConfig
 .text.HAL_TIMEx_MasterConfigSynchronization
                0x0000000008003b50       0xbc ./Drivers/STM32F1xx_HAL_Driver/Src/stm32f1xx_hal_tim_ex.o
                0x0000000008003b50                HAL_TIMEx_MasterConfigSynchronization
 .text.HAL_TIMEx_CommutCallback
                0x0000000008003c0c       0x12 ./Drivers/STM32F1xx_HAL_Driver/Src/stm32f1xx_hal_tim_ex.o
                0x0000000008003c0c                HAL_TIMEx_CommutCallback
 .text.HAL_TIMEx_BreakCallback
                0x0000000008003c1e       0x12 ./Drivers/STM32F1xx_HAL_Driver/Src/stm32f1xx_hal_tim_ex.o
                0x0000000008003c1e                HAL_TIMEx_BreakCallback
 .text.HAL_UART_Init
                0x0000000008003c30       0x9a ./Drivers/STM32F1xx_HAL_Driver/Src/stm32f1xx_hal_uart.o
                0x0000000008003c30                HAL_UART_Init
 .text.HAL_UART_Transmit
                0x0000000008003cca      0x124 ./Drivers/STM32F1xx_HAL_Driver/Src/stm32f1xx_hal_uart.o
                0x0000000008003cca                HAL_UART_Transmit
 .text.HAL_UART_Receive_IT
                0x0000000008003dee       0x60 ./Drivers/STM32F1xx_HAL_Driver/Src/stm32f1xx_hal_uart.o
                0x0000000008003dee                HAL_UART_Receive_IT
 *fill*         0x0000000008003e4e        0x2 
 .text.HAL_UART_IRQHandler
                0x0000000008003e50      0x354 ./Drivers/STM32F1xx_HAL_Driver/Src/stm32f1xx_hal_uart.o
                0x0000000008003e50                HAL_UART_IRQHandler
 .text.HAL_UART_TxCpltCallback
                0x00000000080041a4       0x12 ./Drivers/STM32F1xx_HAL_Driver/Src/stm32f1xx_hal_uart.o
                0x00000000080041a4                HAL_UART_TxCpltCallback
 .text.HAL_UART_ErrorCallback
                0x00000000080041b6       0x12 ./Drivers/STM32F1xx_HAL_Driver/Src/stm32f1xx_hal_uart.o
                0x00000000080041b6                HAL_UART_ErrorCallback
 .text.HAL_UARTEx_RxEventCallback
                0x00000000080041c8       0x16 ./Drivers/STM32F1xx_HAL_Driver/Src/stm32f1xx_hal_uart.o
                0x00000000080041c8                HAL_UARTEx_RxEventCallback
 .text.UART_WaitOnFlagUntilTimeout
                0x00000000080041de       0x94 ./Drivers/STM32F1xx_HAL_Driver/Src/stm32f1xx_hal_uart.o
 .text.UART_Start_Receive_IT
                0x0000000008004272       0x72 ./Drivers/STM32F1xx_HAL_Driver/Src/stm32f1xx_hal_uart.o
                0x0000000008004272                UART_Start_Receive_IT
 .text.UART_EndRxTransfer
                0x00000000080042e4       0x58 ./Drivers/STM32F1xx_HAL_Driver/Src/stm32f1xx_hal_uart.o
 .text.UART_DMAAbortOnError
                0x000000000800433c       0x28 ./Drivers/STM32F1xx_HAL_Driver/Src/stm32f1xx_hal_uart.o
 .text.UART_Transmit_IT
                0x0000000008004364       0x9e ./Drivers/STM32F1xx_HAL_Driver/Src/stm32f1xx_hal_uart.o
 .text.UART_EndTransmit_IT
                0x0000000008004402       0x30 ./Drivers/STM32F1xx_HAL_Driver/Src/stm32f1xx_hal_uart.o
 .text.UART_Receive_IT
                0x0000000008004432      0x152 ./Drivers/STM32F1xx_HAL_Driver/Src/stm32f1xx_hal_uart.o
 .text.UART_SetConfig
                0x0000000008004584      0x11c ./Drivers/STM32F1xx_HAL_Driver/Src/stm32f1xx_hal_uart.o
 .text.__errno  0x00000000080046a0        0xc f:/applications/stm32cubeide_1.11.2/stm32cubeide/plugins/com.st.stm32cube.ide.mcu.externaltools.gnu-tools-for-stm32.10.3-2021.10.win32_1.0.100.202210260954/tools/bin/../lib/gcc/arm-none-eabi/10.3.1/../../../../arm-none-eabi/lib/thumb/v7-m/nofp\libc_nano.a(lib_a-errno.o)
                0x00000000080046a0                __errno
 .text.__libc_init_array
                0x00000000080046ac       0x48 f:/applications/stm32cubeide_1.11.2/stm32cubeide/plugins/com.st.stm32cube.ide.mcu.externaltools.gnu-tools-for-stm32.10.3-2021.10.win32_1.0.100.202210260954/tools/bin/../lib/gcc/arm-none-eabi/10.3.1/../../../../arm-none-eabi/lib/thumb/v7-m/nofp\libc_nano.a(lib_a-init.o)
                0x00000000080046ac                __libc_init_array
 .text.memset   0x00000000080046f4       0x10 f:/applications/stm32cubeide_1.11.2/stm32cubeide/plugins/com.st.stm32cube.ide.mcu.externaltools.gnu-tools-for-stm32.10.3-2021.10.win32_1.0.100.202210260954/tools/bin/../lib/gcc/arm-none-eabi/10.3.1/../../../../arm-none-eabi/lib/thumb/v7-m/nofp\libc_nano.a(lib_a-memset.o)
                0x00000000080046f4                memset
 .text.snprintf
                0x0000000008004704       0x68 f:/applications/stm32cubeide_1.11.2/stm32cubeide/plugins/com.st.stm32cube.ide.mcu.externaltools.gnu-tools-for-stm32.10.3-2021.10.win32_1.0.100.202210260954/tools/bin/../lib/gcc/arm-none-eabi/10.3.1/../../../../arm-none-eabi/lib/thumb/v7-m/nofp\libc_nano.a(lib_a-snprintf.o)
                0x0000000008004704                sniprintf
                0x0000000008004704                snprintf
 .text.sprintf  0x000000000800476c       0x40 f:/applications/stm32cubeide_1.11.2/stm32cubeide/plugins/com.st.stm32cube.ide.mcu.externaltools.gnu-tools-for-stm32.10.3-2021.10.win32_1.0.100.202210260954/tools/bin/../lib/gcc/arm-none-eabi/10.3.1/../../../../arm-none-eabi/lib/thumb/v7-m/nofp\libc_nano.a(lib_a-sprintf.o)
                0x000000000800476c                siprintf
                0x000000000800476c                sprintf
 .text.__ssputs_r
                0x00000000080047ac       0xb6 f:/applications/stm32cubeide_1.11.2/stm32cubeide/plugins/com.st.stm32cube.ide.mcu.externaltools.gnu-tools-for-stm32.10.3-2021.10.win32_1.0.100.202210260954/tools/bin/../lib/gcc/arm-none-eabi/10.3.1/../../../../arm-none-eabi/lib/thumb/v7-m/nofp\libc_nano.a(lib_a-nano-svfprintf.o)
                0x00000000080047ac                __ssputs_r
 *fill*         0x0000000008004862        0x2 
 .text._svfprintf_r
                0x0000000008004864      0x200 f:/applications/stm32cubeide_1.11.2/stm32cubeide/plugins/com.st.stm32cube.ide.mcu.externaltools.gnu-tools-for-stm32.10.3-2021.10.win32_1.0.100.202210260954/tools/bin/../lib/gcc/arm-none-eabi/10.3.1/../../../../arm-none-eabi/lib/thumb/v7-m/nofp\libc_nano.a(lib_a-nano-svfprintf.o)
                0x0000000008004864                _svfiprintf_r
                0x0000000008004864                _svfprintf_r
 .text._printf_common
                0x0000000008004a64       0xde f:/applications/stm32cubeide_1.11.2/stm32cubeide/plugins/com.st.stm32cube.ide.mcu.externaltools.gnu-tools-for-stm32.10.3-2021.10.win32_1.0.100.202210260954/tools/bin/../lib/gcc/arm-none-eabi/10.3.1/../../../../arm-none-eabi/lib/thumb/v7-m/nofp\libc_nano.a(lib_a-nano-vfprintf_i.o)
                0x0000000008004a64                _printf_common
 *fill*         0x0000000008004b42        0x2 
 .text._printf_i
                0x0000000008004b44      0x24c f:/applications/stm32cubeide_1.11.2/stm32cubeide/plugins/com.st.stm32cube.ide.mcu.externaltools.gnu-tools-for-stm32.10.3-2021.10.win32_1.0.100.202210260954/tools/bin/../lib/gcc/arm-none-eabi/10.3.1/../../../../arm-none-eabi/lib/thumb/v7-m/nofp\libc_nano.a(lib_a-nano-vfprintf_i.o)
                0x0000000008004b44                _printf_i
 .text.memchr   0x0000000008004d90       0x1c f:/applications/stm32cubeide_1.11.2/stm32cubeide/plugins/com.st.stm32cube.ide.mcu.externaltools.gnu-tools-for-stm32.10.3-2021.10.win32_1.0.100.202210260954/tools/bin/../lib/gcc/arm-none-eabi/10.3.1/../../../../arm-none-eabi/lib/thumb/v7-m/nofp\libc_nano.a(lib_a-memchr-stub.o)
                0x0000000008004d90                memchr
 .text.memcpy   0x0000000008004dac       0x1c f:/applications/stm32cubeide_1.11.2/stm32cubeide/plugins/com.st.stm32cube.ide.mcu.externaltools.gnu-tools-for-stm32.10.3-2021.10.win32_1.0.100.202210260954/tools/bin/../lib/gcc/arm-none-eabi/10.3.1/../../../../arm-none-eabi/lib/thumb/v7-m/nofp\libc_nano.a(lib_a-memcpy-stub.o)
                0x0000000008004dac                memcpy
 .text.memmove  0x0000000008004dc8       0x34 f:/applications/stm32cubeide_1.11.2/stm32cubeide/plugins/com.st.stm32cube.ide.mcu.externaltools.gnu-tools-for-stm32.10.3-2021.10.win32_1.0.100.202210260954/tools/bin/../lib/gcc/arm-none-eabi/10.3.1/../../../../arm-none-eabi/lib/thumb/v7-m/nofp\libc_nano.a(lib_a-memmove.o)
                0x0000000008004dc8                memmove
 .text._free_r  0x0000000008004dfc       0x90 f:/applications/stm32cubeide_1.11.2/stm32cubeide/plugins/com.st.stm32cube.ide.mcu.externaltools.gnu-tools-for-stm32.10.3-2021.10.win32_1.0.100.202210260954/tools/bin/../lib/gcc/arm-none-eabi/10.3.1/../../../../arm-none-eabi/lib/thumb/v7-m/nofp\libc_nano.a(lib_a-nano-freer.o)
                0x0000000008004dfc                _free_r
 .text.sbrk_aligned
                0x0000000008004e8c       0x40 f:/applications/stm32cubeide_1.11.2/stm32cubeide/plugins/com.st.stm32cube.ide.mcu.externaltools.gnu-tools-for-stm32.10.3-2021.10.win32_1.0.100.202210260954/tools/bin/../lib/gcc/arm-none-eabi/10.3.1/../../../../arm-none-eabi/lib/thumb/v7-m/nofp\libc_nano.a(lib_a-nano-mallocr.o)
 .text._malloc_r
                0x0000000008004ecc       0xe8 f:/applications/stm32cubeide_1.11.2/stm32cubeide/plugins/com.st.stm32cube.ide.mcu.externaltools.gnu-tools-for-stm32.10.3-2021.10.win32_1.0.100.202210260954/tools/bin/../lib/gcc/arm-none-eabi/10.3.1/../../../../arm-none-eabi/lib/thumb/v7-m/nofp\libc_nano.a(lib_a-nano-mallocr.o)
                0x0000000008004ecc                _malloc_r
 .text._realloc_r
                0x0000000008004fb4       0x5e f:/applications/stm32cubeide_1.11.2/stm32cubeide/plugins/com.st.stm32cube.ide.mcu.externaltools.gnu-tools-for-stm32.10.3-2021.10.win32_1.0.100.202210260954/tools/bin/../lib/gcc/arm-none-eabi/10.3.1/../../../../arm-none-eabi/lib/thumb/v7-m/nofp\libc_nano.a(lib_a-nano-reallocr.o)
                0x0000000008004fb4                _realloc_r
 *fill*         0x0000000008005012        0x2 
 .text._sbrk_r  0x0000000008005014       0x20 f:/applications/stm32cubeide_1.11.2/stm32cubeide/plugins/com.st.stm32cube.ide.mcu.externaltools.gnu-tools-for-stm32.10.3-2021.10.win32_1.0.100.202210260954/tools/bin/../lib/gcc/arm-none-eabi/10.3.1/../../../../arm-none-eabi/lib/thumb/v7-m/nofp\libc_nano.a(lib_a-sbrkr.o)
                0x0000000008005014                _sbrk_r
 .text.__malloc_lock
                0x0000000008005034        0xc f:/applications/stm32cubeide_1.11.2/stm32cubeide/plugins/com.st.stm32cube.ide.mcu.externaltools.gnu-tools-for-stm32.10.3-2021.10.win32_1.0.100.202210260954/tools/bin/../lib/gcc/arm-none-eabi/10.3.1/../../../../arm-none-eabi/lib/thumb/v7-m/nofp\libc_nano.a(lib_a-mlock.o)
                0x0000000008005034                __malloc_lock
 .text.__malloc_unlock
                0x0000000008005040        0xc f:/applications/stm32cubeide_1.11.2/stm32cubeide/plugins/com.st.stm32cube.ide.mcu.externaltools.gnu-tools-for-stm32.10.3-2021.10.win32_1.0.100.202210260954/tools/bin/../lib/gcc/arm-none-eabi/10.3.1/../../../../arm-none-eabi/lib/thumb/v7-m/nofp\libc_nano.a(lib_a-mlock.o)
                0x0000000008005040                __malloc_unlock
 .text._malloc_usable_size_r
                0x000000000800504c       0x10 f:/applications/stm32cubeide_1.11.2/stm32cubeide/plugins/com.st.stm32cube.ide.mcu.externaltools.gnu-tools-for-stm32.10.3-2021.10.win32_1.0.100.202210260954/tools/bin/../lib/gcc/arm-none-eabi/10.3.1/../../../../arm-none-eabi/lib/thumb/v7-m/nofp\libc_nano.a(lib_a-nano-msizer.o)
                0x000000000800504c                _malloc_usable_size_r
 .text.__retarget_lock_acquire_recursive
                0x000000000800505c        0x2 f:/applications/stm32cubeide_1.11.2/stm32cubeide/plugins/com.st.stm32cube.ide.mcu.externaltools.gnu-tools-for-stm32.10.3-2021.10.win32_1.0.100.202210260954/tools/bin/../lib/gcc/arm-none-eabi/10.3.1/../../../../arm-none-eabi/lib/thumb/v7-m/nofp\libc_nano.a(lib_a-lock.o)
                0x000000000800505c                __retarget_lock_acquire_recursive
 .text.__retarget_lock_release_recursive
                0x000000000800505e        0x2 f:/applications/stm32cubeide_1.11.2/stm32cubeide/plugins/com.st.stm32cube.ide.mcu.externaltools.gnu-tools-for-stm32.10.3-2021.10.win32_1.0.100.202210260954/tools/bin/../lib/gcc/arm-none-eabi/10.3.1/../../../../arm-none-eabi/lib/thumb/v7-m/nofp\libc_nano.a(lib_a-lock.o)
                0x000000000800505e                __retarget_lock_release_recursive
 *(.glue_7)
 .glue_7        0x0000000008005060        0x0 linker stubs
 *(.glue_7t)
 .glue_7t       0x0000000008005060        0x0 linker stubs
 *(.eh_frame)
 .eh_frame      0x0000000008005060        0x0 f:/applications/stm32cubeide_1.11.2/stm32cubeide/plugins/com.st.stm32cube.ide.mcu.externaltools.gnu-tools-for-stm32.10.3-2021.10.win32_1.0.100.202210260954/tools/bin/../lib/gcc/arm-none-eabi/10.3.1/thumb/v7-m/nofp/crtbegin.o
 *(.init)
 .init          0x0000000008005060        0x4 f:/applications/stm32cubeide_1.11.2/stm32cubeide/plugins/com.st.stm32cube.ide.mcu.externaltools.gnu-tools-for-stm32.10.3-2021.10.win32_1.0.100.202210260954/tools/bin/../lib/gcc/arm-none-eabi/10.3.1/thumb/v7-m/nofp/crti.o
                0x0000000008005060                _init
 .init          0x0000000008005064        0x8 f:/applications/stm32cubeide_1.11.2/stm32cubeide/plugins/com.st.stm32cube.ide.mcu.externaltools.gnu-tools-for-stm32.10.3-2021.10.win32_1.0.100.202210260954/tools/bin/../lib/gcc/arm-none-eabi/10.3.1/thumb/v7-m/nofp/crtn.o
 *(.fini)
 .fini          0x000000000800506c        0x4 f:/applications/stm32cubeide_1.11.2/stm32cubeide/plugins/com.st.stm32cube.ide.mcu.externaltools.gnu-tools-for-stm32.10.3-2021.10.win32_1.0.100.202210260954/tools/bin/../lib/gcc/arm-none-eabi/10.3.1/thumb/v7-m/nofp/crti.o
                0x000000000800506c                _fini
 .fini          0x0000000008005070        0x8 f:/applications/stm32cubeide_1.11.2/stm32cubeide/plugins/com.st.stm32cube.ide.mcu.externaltools.gnu-tools-for-stm32.10.3-2021.10.win32_1.0.100.202210260954/tools/bin/../lib/gcc/arm-none-eabi/10.3.1/thumb/v7-m/nofp/crtn.o
                0x0000000008005078                . = ALIGN (0x4)
                0x0000000008005078                _etext = .

.vfp11_veneer   0x0000000008005078        0x0
 .vfp11_veneer  0x0000000008005078        0x0 linker stubs

.v4_bx          0x0000000008005078        0x0
 .v4_bx         0x0000000008005078        0x0 linker stubs

.iplt           0x0000000008005078        0x0
 .iplt          0x0000000008005078        0x0 f:/applications/stm32cubeide_1.11.2/stm32cubeide/plugins/com.st.stm32cube.ide.mcu.externaltools.gnu-tools-for-stm32.10.3-2021.10.win32_1.0.100.202210260954/tools/bin/../lib/gcc/arm-none-eabi/10.3.1/thumb/v7-m/nofp/crtbegin.o

.rodata         0x0000000008005078       0xf4
                0x0000000008005078                . = ALIGN (0x4)
 *(.rodata)
 .rodata        0x0000000008005078       0x50 ./Core/Src/dht20.o
 .rodata        0x00000000080050c8       0x1f ./Core/Src/i2c-lcd.o
 *fill*         0x00000000080050e7        0x1 
 .rodata        0x00000000080050e8       0x26 ./Core/Src/uart_reading.o
 *fill*         0x000000000800510e        0x2 
 .rodata        0x0000000008005110       0x10 ./Drivers/STM32F1xx_HAL_Driver/Src/stm32f1xx_hal_rcc.o
 *(.rodata*)
 .rodata.AHBPrescTable
                0x0000000008005120       0x10 ./Core/Src/system_stm32f1xx.o
                0x0000000008005120                AHBPrescTable
 .rodata.APBPrescTable
                0x0000000008005130        0x8 ./Core/Src/system_stm32f1xx.o
                0x0000000008005130                APBPrescTable
 .rodata._svfprintf_r.str1.1
                0x0000000008005138       0x11 f:/applications/stm32cubeide_1.11.2/stm32cubeide/plugins/com.st.stm32cube.ide.mcu.externaltools.gnu-tools-for-stm32.10.3-2021.10.win32_1.0.100.202210260954/tools/bin/../lib/gcc/arm-none-eabi/10.3.1/../../../../arm-none-eabi/lib/thumb/v7-m/nofp\libc_nano.a(lib_a-nano-svfprintf.o)
 .rodata._printf_i.str1.1
                0x0000000008005149       0x22 f:/applications/stm32cubeide_1.11.2/stm32cubeide/plugins/com.st.stm32cube.ide.mcu.externaltools.gnu-tools-for-stm32.10.3-2021.10.win32_1.0.100.202210260954/tools/bin/../lib/gcc/arm-none-eabi/10.3.1/../../../../arm-none-eabi/lib/thumb/v7-m/nofp\libc_nano.a(lib_a-nano-vfprintf_i.o)
                0x000000000800516c                . = ALIGN (0x4)
 *fill*         0x000000000800516b        0x1 

.rel.dyn        0x000000000800516c        0x0
 .rel.iplt      0x000000000800516c        0x0 f:/applications/stm32cubeide_1.11.2/stm32cubeide/plugins/com.st.stm32cube.ide.mcu.externaltools.gnu-tools-for-stm32.10.3-2021.10.win32_1.0.100.202210260954/tools/bin/../lib/gcc/arm-none-eabi/10.3.1/thumb/v7-m/nofp/crtbegin.o

.ARM.extab      0x000000000800516c        0x0
                0x000000000800516c                . = ALIGN (0x4)
 *(.ARM.extab* .gnu.linkonce.armextab.*)
                0x000000000800516c                . = ALIGN (0x4)

.ARM            0x000000000800516c        0x0
                0x000000000800516c                . = ALIGN (0x4)
                0x000000000800516c                __exidx_start = .
 *(.ARM.exidx*)
                0x000000000800516c                __exidx_end = .
                0x000000000800516c                . = ALIGN (0x4)

.preinit_array  0x000000000800516c        0x0
                0x000000000800516c                . = ALIGN (0x4)
                0x000000000800516c                PROVIDE (__preinit_array_start = .)
 *(.preinit_array*)
                0x000000000800516c                PROVIDE (__preinit_array_end = .)
                0x000000000800516c                . = ALIGN (0x4)

.init_array     0x000000000800516c        0x4
                0x000000000800516c                . = ALIGN (0x4)
                0x000000000800516c                PROVIDE (__init_array_start = .)
 *(SORT_BY_NAME(.init_array.*))
 *(.init_array*)
 .init_array    0x000000000800516c        0x4 f:/applications/stm32cubeide_1.11.2/stm32cubeide/plugins/com.st.stm32cube.ide.mcu.externaltools.gnu-tools-for-stm32.10.3-2021.10.win32_1.0.100.202210260954/tools/bin/../lib/gcc/arm-none-eabi/10.3.1/thumb/v7-m/nofp/crtbegin.o
                0x0000000008005170                PROVIDE (__init_array_end = .)
                0x0000000008005170                . = ALIGN (0x4)

.fini_array     0x0000000008005170        0x4
                0x0000000008005170                . = ALIGN (0x4)
                [!provide]                        PROVIDE (__fini_array_start = .)
 *(SORT_BY_NAME(.fini_array.*))
 *(.fini_array*)
 .fini_array    0x0000000008005170        0x4 f:/applications/stm32cubeide_1.11.2/stm32cubeide/plugins/com.st.stm32cube.ide.mcu.externaltools.gnu-tools-for-stm32.10.3-2021.10.win32_1.0.100.202210260954/tools/bin/../lib/gcc/arm-none-eabi/10.3.1/thumb/v7-m/nofp/crtbegin.o
                [!provide]                        PROVIDE (__fini_array_end = .)
                0x0000000008005174                . = ALIGN (0x4)
                0x0000000008005174                _sidata = LOADADDR (.data)

.data           0x0000000020000000       0x70 load address 0x0000000008005174
                0x0000000020000000                . = ALIGN (0x4)
                0x0000000020000000                _sdata = .
 *(.data)
 *(.data*)
 .data.SystemCoreClock
                0x0000000020000000        0x4 ./Core/Src/system_stm32f1xx.o
                0x0000000020000000                SystemCoreClock
 .data.uwTickPrio
                0x0000000020000004        0x4 ./Drivers/STM32F1xx_HAL_Driver/Src/stm32f1xx_hal.o
                0x0000000020000004                uwTickPrio
 .data.uwTickFreq
                0x0000000020000008        0x1 ./Drivers/STM32F1xx_HAL_Driver/Src/stm32f1xx_hal.o
                0x0000000020000008                uwTickFreq
 *fill*         0x0000000020000009        0x3 
 .data._impure_ptr
                0x000000002000000c        0x4 f:/applications/stm32cubeide_1.11.2/stm32cubeide/plugins/com.st.stm32cube.ide.mcu.externaltools.gnu-tools-for-stm32.10.3-2021.10.win32_1.0.100.202210260954/tools/bin/../lib/gcc/arm-none-eabi/10.3.1/../../../../arm-none-eabi/lib/thumb/v7-m/nofp\libc_nano.a(lib_a-impure.o)
                0x000000002000000c                _impure_ptr
 .data.impure_data
                0x0000000020000010       0x60 f:/applications/stm32cubeide_1.11.2/stm32cubeide/plugins/com.st.stm32cube.ide.mcu.externaltools.gnu-tools-for-stm32.10.3-2021.10.win32_1.0.100.202210260954/tools/bin/../lib/gcc/arm-none-eabi/10.3.1/../../../../arm-none-eabi/lib/thumb/v7-m/nofp\libc_nano.a(lib_a-impure.o)
 *(.RamFunc)
 *(.RamFunc*)
                0x0000000020000070                . = ALIGN (0x4)
                0x0000000020000070                _edata = .

.igot.plt       0x0000000020000070        0x0 load address 0x00000000080051e4
 .igot.plt      0x0000000020000070        0x0 f:/applications/stm32cubeide_1.11.2/stm32cubeide/plugins/com.st.stm32cube.ide.mcu.externaltools.gnu-tools-for-stm32.10.3-2021.10.win32_1.0.100.202210260954/tools/bin/../lib/gcc/arm-none-eabi/10.3.1/thumb/v7-m/nofp/crtbegin.o
                0x0000000020000070                . = ALIGN (0x4)

.bss            0x0000000020000070      0x4f4 load address 0x00000000080051e4
                0x0000000020000070                _sbss = .
                0x0000000020000070                __bss_start__ = _sbss
 *(.bss)
 .bss           0x0000000020000070       0x1c f:/applications/stm32cubeide_1.11.2/stm32cubeide/plugins/com.st.stm32cube.ide.mcu.externaltools.gnu-tools-for-stm32.10.3-2021.10.win32_1.0.100.202210260954/tools/bin/../lib/gcc/arm-none-eabi/10.3.1/thumb/v7-m/nofp/crtbegin.o
 *(.bss*)
 .bss.value_x10
                0x000000002000008c        0x4 ./Core/Src/dht20.o
                0x000000002000008c                value_x10
 .bss.temp      0x0000000020000090       0x14 ./Core/Src/dht20.o
                0x0000000020000090                temp
 .bss.humid     0x00000000200000a4       0x14 ./Core/Src/dht20.o
                0x00000000200000a4                humid
 .bss.hi2c1     0x00000000200000b8       0x54 ./Core/Src/main.o
                0x00000000200000b8                hi2c1
 .bss.htim2     0x000000002000010c       0x48 ./Core/Src/main.o
                0x000000002000010c                htim2
 .bss.huart2    0x0000000020000154       0x44 ./Core/Src/main.o
                0x0000000020000154                huart2
 .bss.SCH_tasks_G
                0x0000000020000198      0x320 ./Core/Src/scheduler.o
                0x0000000020000198                SCH_tasks_G
 .bss.timer1_counter
                0x00000000200004b8        0x4 ./Core/Src/software_timer.o
                0x00000000200004b8                timer1_counter
 .bss.timer1_flag
                0x00000000200004bc        0x4 ./Core/Src/software_timer.o
                0x00000000200004bc                timer1_flag
 .bss.timer2_counter
                0x00000000200004c0        0x4 ./Core/Src/software_timer.o
                0x00000000200004c0                timer2_counter
 .bss.timer2_flag
                0x00000000200004c4        0x4 ./Core/Src/software_timer.o
                0x00000000200004c4                timer2_flag
 .bss.timer3_counter
                0x00000000200004c8        0x4 ./Core/Src/software_timer.o
                0x00000000200004c8                timer3_counter
 .bss.timer3_flag
                0x00000000200004cc        0x4 ./Core/Src/software_timer.o
                0x00000000200004cc                timer3_flag
 .bss.timer4_counter
                0x00000000200004d0        0x4 ./Core/Src/software_timer.o
                0x00000000200004d0                timer4_counter
 .bss.timer4_flag
                0x00000000200004d4        0x4 ./Core/Src/software_timer.o
                0x00000000200004d4                timer4_flag
 .bss.timer5_counter
                0x00000000200004d8        0x4 ./Core/Src/software_timer.o
                0x00000000200004d8                timer5_counter
 .bss.timer5_flag
                0x00000000200004dc        0x4 ./Core/Src/software_timer.o
                0x00000000200004dc                timer5_flag
 .bss.timer6_counter
                0x00000000200004e0        0x4 ./Core/Src/software_timer.o
                0x00000000200004e0                timer6_counter
 .bss.timer6_flag
                0x00000000200004e4        0x4 ./Core/Src/software_timer.o
                0x00000000200004e4                timer6_flag
 .bss.timer7_counter
                0x00000000200004e8        0x4 ./Core/Src/software_timer.o
                0x00000000200004e8                timer7_counter
 .bss.timer7_flag
                0x00000000200004ec        0x4 ./Core/Src/software_timer.o
                0x00000000200004ec                timer7_flag
 .bss.timer8_counter
                0x00000000200004f0        0x4 ./Core/Src/software_timer.o
                0x00000000200004f0                timer8_counter
 .bss.timer8_flag
                0x00000000200004f4        0x4 ./Core/Src/software_timer.o
                0x00000000200004f4                timer8_flag
 .bss.timer9_counter
                0x00000000200004f8        0x4 ./Core/Src/software_timer.o
                0x00000000200004f8                timer9_counter
 .bss.timer9_flag
                0x00000000200004fc        0x4 ./Core/Src/software_timer.o
                0x00000000200004fc                timer9_flag
 .bss.timer10_counter
                0x0000000020000500        0x4 ./Core/Src/software_timer.o
                0x0000000020000500                timer10_counter
 .bss.timer10_flag
                0x0000000020000504        0x4 ./Core/Src/software_timer.o
                0x0000000020000504                timer10_flag
 .bss.__sbrk_heap_end
                0x0000000020000508        0x4 ./Core/Src/sysmem.o
 .bss.buffer_byte
                0x000000002000050c        0x1 ./Core/Src/uart_reading.o
                0x000000002000050c                buffer_byte
 *fill*         0x000000002000050d        0x3 
 .bss.buffer    0x0000000020000510       0x32 ./Core/Src/uart_reading.o
                0x0000000020000510                buffer
 .bss.index_buffer
                0x0000000020000542        0x1 ./Core/Src/uart_reading.o
                0x0000000020000542                index_buffer
 .bss.buffer_flag
                0x0000000020000543        0x1 ./Core/Src/uart_reading.o
                0x0000000020000543                buffer_flag
 .bss.cmdParserStatus
                0x0000000020000544        0x1 ./Core/Src/uart_reading.o
                0x0000000020000544                cmdParserStatus
 *fill*         0x0000000020000545        0x3 
 .bss.cmd_data  0x0000000020000548        0x3 ./Core/Src/uart_reading.o
                0x0000000020000548                cmd_data
 .bss.cmd_index
                0x000000002000054b        0x1 ./Core/Src/uart_reading.o
                0x000000002000054b                cmd_index
 .bss.cmd_flag  0x000000002000054c        0x1 ./Core/Src/uart_reading.o
                0x000000002000054c                cmd_flag
 *fill*         0x000000002000054d        0x3 
 .bss.uwTick    0x0000000020000550        0x4 ./Drivers/STM32F1xx_HAL_Driver/Src/stm32f1xx_hal.o
                0x0000000020000550                uwTick
 .bss.__malloc_free_list
                0x0000000020000554        0x4 f:/applications/stm32cubeide_1.11.2/stm32cubeide/plugins/com.st.stm32cube.ide.mcu.externaltools.gnu-tools-for-stm32.10.3-2021.10.win32_1.0.100.202210260954/tools/bin/../lib/gcc/arm-none-eabi/10.3.1/../../../../arm-none-eabi/lib/thumb/v7-m/nofp\libc_nano.a(lib_a-nano-mallocr.o)
                0x0000000020000554                __malloc_free_list
 .bss.__malloc_sbrk_start
                0x0000000020000558        0x4 f:/applications/stm32cubeide_1.11.2/stm32cubeide/plugins/com.st.stm32cube.ide.mcu.externaltools.gnu-tools-for-stm32.10.3-2021.10.win32_1.0.100.202210260954/tools/bin/../lib/gcc/arm-none-eabi/10.3.1/../../../../arm-none-eabi/lib/thumb/v7-m/nofp\libc_nano.a(lib_a-nano-mallocr.o)
                0x0000000020000558                __malloc_sbrk_start
 .bss.errno     0x000000002000055c        0x4 f:/applications/stm32cubeide_1.11.2/stm32cubeide/plugins/com.st.stm32cube.ide.mcu.externaltools.gnu-tools-for-stm32.10.3-2021.10.win32_1.0.100.202210260954/tools/bin/../lib/gcc/arm-none-eabi/10.3.1/../../../../arm-none-eabi/lib/thumb/v7-m/nofp\libc_nano.a(lib_a-reent.o)
                0x000000002000055c                errno
 .bss.__lock___malloc_recursive_mutex
                0x0000000020000560        0x1 f:/applications/stm32cubeide_1.11.2/stm32cubeide/plugins/com.st.stm32cube.ide.mcu.externaltools.gnu-tools-for-stm32.10.3-2021.10.win32_1.0.100.202210260954/tools/bin/../lib/gcc/arm-none-eabi/10.3.1/../../../../arm-none-eabi/lib/thumb/v7-m/nofp\libc_nano.a(lib_a-lock.o)
                0x0000000020000560                __lock___malloc_recursive_mutex
 *(COMMON)
                0x0000000020000564                . = ALIGN (0x4)
 *fill*         0x0000000020000561        0x3 
                0x0000000020000564                _ebss = .
                0x0000000020000564                __bss_end__ = _ebss

._user_heap_stack
                0x0000000020000564      0x604 load address 0x00000000080051e4
                0x0000000020000568                . = ALIGN (0x8)
 *fill*         0x0000000020000564        0x4 
                [!provide]                        PROVIDE (end = .)
                0x0000000020000568                PROVIDE (_end = .)
                0x0000000020000768                . = (. + _Min_Heap_Size)
 *fill*         0x0000000020000568      0x200 
                0x0000000020000b68                . = (. + _Min_Stack_Size)
 *fill*         0x0000000020000768      0x400 
                0x0000000020000b68                . = ALIGN (0x8)

/DISCARD/
 libc.a(*)
 libm.a(*)
 libgcc.a(*)

.ARM.attributes
                0x0000000000000000       0x29
 *(.ARM.attributes)
 .ARM.attributes
                0x0000000000000000       0x1d f:/applications/stm32cubeide_1.11.2/stm32cubeide/plugins/com.st.stm32cube.ide.mcu.externaltools.gnu-tools-for-stm32.10.3-2021.10.win32_1.0.100.202210260954/tools/bin/../lib/gcc/arm-none-eabi/10.3.1/thumb/v7-m/nofp/crti.o
 .ARM.attributes
                0x000000000000001d       0x2d f:/applications/stm32cubeide_1.11.2/stm32cubeide/plugins/com.st.stm32cube.ide.mcu.externaltools.gnu-tools-for-stm32.10.3-2021.10.win32_1.0.100.202210260954/tools/bin/../lib/gcc/arm-none-eabi/10.3.1/thumb/v7-m/nofp/crtbegin.o
 .ARM.attributes
                0x000000000000004a       0x2d ./Core/Src/dht20.o
 .ARM.attributes
                0x0000000000000077       0x2d ./Core/Src/i2c-lcd.o
 .ARM.attributes
                0x00000000000000a4       0x2d ./Core/Src/led_display.o
 .ARM.attributes
                0x00000000000000d1       0x2d ./Core/Src/main.o
 .ARM.attributes
                0x00000000000000fe       0x2d ./Core/Src/scheduler.o
 .ARM.attributes
                0x000000000000012b       0x2d ./Core/Src/software_timer.o
 .ARM.attributes
                0x0000000000000158       0x2d ./Core/Src/stm32f1xx_hal_msp.o
 .ARM.attributes
                0x0000000000000185       0x2d ./Core/Src/stm32f1xx_it.o
 .ARM.attributes
                0x00000000000001b2       0x2d ./Core/Src/sysmem.o
 .ARM.attributes
                0x00000000000001df       0x2d ./Core/Src/system_stm32f1xx.o
 .ARM.attributes
                0x000000000000020c       0x2d ./Core/Src/uart_reading.o
 .ARM.attributes
                0x0000000000000239       0x21 ./Core/Startup/startup_stm32f103rbtx.o
 .ARM.attributes
                0x000000000000025a       0x2d ./Drivers/STM32F1xx_HAL_Driver/Src/stm32f1xx_hal.o
 .ARM.attributes
                0x0000000000000287       0x2d ./Drivers/STM32F1xx_HAL_Driver/Src/stm32f1xx_hal_cortex.o
 .ARM.attributes
                0x00000000000002b4       0x2d ./Drivers/STM32F1xx_HAL_Driver/Src/stm32f1xx_hal_dma.o
 .ARM.attributes
                0x00000000000002e1       0x2d ./Drivers/STM32F1xx_HAL_Driver/Src/stm32f1xx_hal_gpio.o
 .ARM.attributes
                0x000000000000030e       0x2d ./Drivers/STM32F1xx_HAL_Driver/Src/stm32f1xx_hal_i2c.o
 .ARM.attributes
                0x000000000000033b       0x2d ./Drivers/STM32F1xx_HAL_Driver/Src/stm32f1xx_hal_rcc.o
 .ARM.attributes
                0x0000000000000368       0x2d ./Drivers/STM32F1xx_HAL_Driver/Src/stm32f1xx_hal_tim.o
 .ARM.attributes
                0x0000000000000395       0x2d ./Drivers/STM32F1xx_HAL_Driver/Src/stm32f1xx_hal_tim_ex.o
 .ARM.attributes
                0x00000000000003c2       0x2d ./Drivers/STM32F1xx_HAL_Driver/Src/stm32f1xx_hal_uart.o
 .ARM.attributes
                0x00000000000003ef       0x2d f:/applications/stm32cubeide_1.11.2/stm32cubeide/plugins/com.st.stm32cube.ide.mcu.externaltools.gnu-tools-for-stm32.10.3-2021.10.win32_1.0.100.202210260954/tools/bin/../lib/gcc/arm-none-eabi/10.3.1/../../../../arm-none-eabi/lib/thumb/v7-m/nofp\libc_nano.a(lib_a-errno.o)
 .ARM.attributes
                0x000000000000041c       0x2d f:/applications/stm32cubeide_1.11.2/stm32cubeide/plugins/com.st.stm32cube.ide.mcu.externaltools.gnu-tools-for-stm32.10.3-2021.10.win32_1.0.100.202210260954/tools/bin/../lib/gcc/arm-none-eabi/10.3.1/../../../../arm-none-eabi/lib/thumb/v7-m/nofp\libc_nano.a(lib_a-impure.o)
 .ARM.attributes
                0x0000000000000449       0x2d f:/applications/stm32cubeide_1.11.2/stm32cubeide/plugins/com.st.stm32cube.ide.mcu.externaltools.gnu-tools-for-stm32.10.3-2021.10.win32_1.0.100.202210260954/tools/bin/../lib/gcc/arm-none-eabi/10.3.1/../../../../arm-none-eabi/lib/thumb/v7-m/nofp\libc_nano.a(lib_a-init.o)
 .ARM.attributes
                0x0000000000000476       0x2d f:/applications/stm32cubeide_1.11.2/stm32cubeide/plugins/com.st.stm32cube.ide.mcu.externaltools.gnu-tools-for-stm32.10.3-2021.10.win32_1.0.100.202210260954/tools/bin/../lib/gcc/arm-none-eabi/10.3.1/../../../../arm-none-eabi/lib/thumb/v7-m/nofp\libc_nano.a(lib_a-memset.o)
 .ARM.attributes
                0x00000000000004a3       0x2d f:/applications/stm32cubeide_1.11.2/stm32cubeide/plugins/com.st.stm32cube.ide.mcu.externaltools.gnu-tools-for-stm32.10.3-2021.10.win32_1.0.100.202210260954/tools/bin/../lib/gcc/arm-none-eabi/10.3.1/../../../../arm-none-eabi/lib/thumb/v7-m/nofp\libc_nano.a(lib_a-snprintf.o)
 .ARM.attributes
                0x00000000000004d0       0x2d f:/applications/stm32cubeide_1.11.2/stm32cubeide/plugins/com.st.stm32cube.ide.mcu.externaltools.gnu-tools-for-stm32.10.3-2021.10.win32_1.0.100.202210260954/tools/bin/../lib/gcc/arm-none-eabi/10.3.1/../../../../arm-none-eabi/lib/thumb/v7-m/nofp\libc_nano.a(lib_a-sprintf.o)
 .ARM.attributes
                0x00000000000004fd       0x17 f:/applications/stm32cubeide_1.11.2/stm32cubeide/plugins/com.st.stm32cube.ide.mcu.externaltools.gnu-tools-for-stm32.10.3-2021.10.win32_1.0.100.202210260954/tools/bin/../lib/gcc/arm-none-eabi/10.3.1/../../../../arm-none-eabi/lib/thumb/v7-m/nofp\libc_nano.a(lib_a-strlen.o)
 .ARM.attributes
                0x0000000000000514       0x2d f:/applications/stm32cubeide_1.11.2/stm32cubeide/plugins/com.st.stm32cube.ide.mcu.externaltools.gnu-tools-for-stm32.10.3-2021.10.win32_1.0.100.202210260954/tools/bin/../lib/gcc/arm-none-eabi/10.3.1/../../../../arm-none-eabi/lib/thumb/v7-m/nofp\libc_nano.a(lib_a-nano-svfprintf.o)
 .ARM.attributes
                0x0000000000000541       0x2d f:/applications/stm32cubeide_1.11.2/stm32cubeide/plugins/com.st.stm32cube.ide.mcu.externaltools.gnu-tools-for-stm32.10.3-2021.10.win32_1.0.100.202210260954/tools/bin/../lib/gcc/arm-none-eabi/10.3.1/../../../../arm-none-eabi/lib/thumb/v7-m/nofp\libc_nano.a(lib_a-nano-vfprintf_i.o)
 .ARM.attributes
                0x000000000000056e       0x2d f:/applications/stm32cubeide_1.11.2/stm32cubeide/plugins/com.st.stm32cube.ide.mcu.externaltools.gnu-tools-for-stm32.10.3-2021.10.win32_1.0.100.202210260954/tools/bin/../lib/gcc/arm-none-eabi/10.3.1/../../../../arm-none-eabi/lib/thumb/v7-m/nofp\libc_nano.a(lib_a-memchr-stub.o)
 .ARM.attributes
                0x000000000000059b       0x2d f:/applications/stm32cubeide_1.11.2/stm32cubeide/plugins/com.st.stm32cube.ide.mcu.externaltools.gnu-tools-for-stm32.10.3-2021.10.win32_1.0.100.202210260954/tools/bin/../lib/gcc/arm-none-eabi/10.3.1/../../../../arm-none-eabi/lib/thumb/v7-m/nofp\libc_nano.a(lib_a-memcpy-stub.o)
 .ARM.attributes
                0x00000000000005c8       0x2d f:/applications/stm32cubeide_1.11.2/stm32cubeide/plugins/com.st.stm32cube.ide.mcu.externaltools.gnu-tools-for-stm32.10.3-2021.10.win32_1.0.100.202210260954/tools/bin/../lib/gcc/arm-none-eabi/10.3.1/../../../../arm-none-eabi/lib/thumb/v7-m/nofp\libc_nano.a(lib_a-memmove.o)
 .ARM.attributes
                0x00000000000005f5       0x2d f:/applications/stm32cubeide_1.11.2/stm32cubeide/plugins/com.st.stm32cube.ide.mcu.externaltools.gnu-tools-for-stm32.10.3-2021.10.win32_1.0.100.202210260954/tools/bin/../lib/gcc/arm-none-eabi/10.3.1/../../../../arm-none-eabi/lib/thumb/v7-m/nofp\libc_nano.a(lib_a-nano-freer.o)
 .ARM.attributes
                0x0000000000000622       0x2d f:/applications/stm32cubeide_1.11.2/stm32cubeide/plugins/com.st.stm32cube.ide.mcu.externaltools.gnu-tools-for-stm32.10.3-2021.10.win32_1.0.100.202210260954/tools/bin/../lib/gcc/arm-none-eabi/10.3.1/../../../../arm-none-eabi/lib/thumb/v7-m/nofp\libc_nano.a(lib_a-nano-mallocr.o)
 .ARM.attributes
                0x000000000000064f       0x2d f:/applications/stm32cubeide_1.11.2/stm32cubeide/plugins/com.st.stm32cube.ide.mcu.externaltools.gnu-tools-for-stm32.10.3-2021.10.win32_1.0.100.202210260954/tools/bin/../lib/gcc/arm-none-eabi/10.3.1/../../../../arm-none-eabi/lib/thumb/v7-m/nofp\libc_nano.a(lib_a-nano-reallocr.o)
 .ARM.attributes
                0x000000000000067c       0x2d f:/applications/stm32cubeide_1.11.2/stm32cubeide/plugins/com.st.stm32cube.ide.mcu.externaltools.gnu-tools-for-stm32.10.3-2021.10.win32_1.0.100.202210260954/tools/bin/../lib/gcc/arm-none-eabi/10.3.1/../../../../arm-none-eabi/lib/thumb/v7-m/nofp\libc_nano.a(lib_a-sbrkr.o)
 .ARM.attributes
                0x00000000000006a9       0x2d f:/applications/stm32cubeide_1.11.2/stm32cubeide/plugins/com.st.stm32cube.ide.mcu.externaltools.gnu-tools-for-stm32.10.3-2021.10.win32_1.0.100.202210260954/tools/bin/../lib/gcc/arm-none-eabi/10.3.1/../../../../arm-none-eabi/lib/thumb/v7-m/nofp\libc_nano.a(lib_a-mlock.o)
 .ARM.attributes
                0x00000000000006d6       0x2d f:/applications/stm32cubeide_1.11.2/stm32cubeide/plugins/com.st.stm32cube.ide.mcu.externaltools.gnu-tools-for-stm32.10.3-2021.10.win32_1.0.100.202210260954/tools/bin/../lib/gcc/arm-none-eabi/10.3.1/../../../../arm-none-eabi/lib/thumb/v7-m/nofp\libc_nano.a(lib_a-nano-msizer.o)
 .ARM.attributes
                0x0000000000000703       0x2d f:/applications/stm32cubeide_1.11.2/stm32cubeide/plugins/com.st.stm32cube.ide.mcu.externaltools.gnu-tools-for-stm32.10.3-2021.10.win32_1.0.100.202210260954/tools/bin/../lib/gcc/arm-none-eabi/10.3.1/../../../../arm-none-eabi/lib/thumb/v7-m/nofp\libc_nano.a(lib_a-reent.o)
 .ARM.attributes
                0x0000000000000730       0x2d f:/applications/stm32cubeide_1.11.2/stm32cubeide/plugins/com.st.stm32cube.ide.mcu.externaltools.gnu-tools-for-stm32.10.3-2021.10.win32_1.0.100.202210260954/tools/bin/../lib/gcc/arm-none-eabi/10.3.1/../../../../arm-none-eabi/lib/thumb/v7-m/nofp\libc_nano.a(lib_a-lock.o)
 .ARM.attributes
                0x000000000000075d       0x1d f:/applications/stm32cubeide_1.11.2/stm32cubeide/plugins/com.st.stm32cube.ide.mcu.externaltools.gnu-tools-for-stm32.10.3-2021.10.win32_1.0.100.202210260954/tools/bin/../lib/gcc/arm-none-eabi/10.3.1/thumb/v7-m/nofp/crtn.o
OUTPUT(i2cDevice.elf elf32-littlearm)
LOAD linker stubs
LOAD f:/applications/stm32cubeide_1.11.2/stm32cubeide/plugins/com.st.stm32cube.ide.mcu.externaltools.gnu-tools-for-stm32.10.3-2021.10.win32_1.0.100.202210260954/tools/bin/../lib/gcc/arm-none-eabi/10.3.1/../../../../arm-none-eabi/lib/thumb/v7-m/nofp\libc.a
LOAD f:/applications/stm32cubeide_1.11.2/stm32cubeide/plugins/com.st.stm32cube.ide.mcu.externaltools.gnu-tools-for-stm32.10.3-2021.10.win32_1.0.100.202210260954/tools/bin/../lib/gcc/arm-none-eabi/10.3.1/../../../../arm-none-eabi/lib/thumb/v7-m/nofp\libm.a
LOAD f:/applications/stm32cubeide_1.11.2/stm32cubeide/plugins/com.st.stm32cube.ide.mcu.externaltools.gnu-tools-for-stm32.10.3-2021.10.win32_1.0.100.202210260954/tools/bin/../lib/gcc/arm-none-eabi/10.3.1/thumb/v7-m/nofp\libgcc.a

.debug_info     0x0000000000000000     0xfb6e
 .debug_info    0x0000000000000000      0xbc3 ./Core/Src/dht20.o
 .debug_info    0x0000000000000bc3      0x7c1 ./Core/Src/i2c-lcd.o
 .debug_info    0x0000000000001384      0x1d7 ./Core/Src/led_display.o
 .debug_info    0x000000000000155b     0x12b1 ./Core/Src/main.o
 .debug_info    0x000000000000280c      0x260 ./Core/Src/scheduler.o
 .debug_info    0x0000000000002a6c      0x373 ./Core/Src/software_timer.o
 .debug_info    0x0000000000002ddf     0x10dc ./Core/Src/stm32f1xx_hal_msp.o
 .debug_info    0x0000000000003ebb      0x989 ./Core/Src/stm32f1xx_it.o
 .debug_info    0x0000000000004844      0x171 ./Core/Src/sysmem.o
 .debug_info    0x00000000000049b5      0x23d ./Core/Src/system_stm32f1xx.o
 .debug_info    0x0000000000004bf2      0xb55 ./Core/Src/uart_reading.o
 .debug_info    0x0000000000005747       0x22 ./Core/Startup/startup_stm32f103rbtx.o
 .debug_info    0x0000000000005769      0x734 ./Drivers/STM32F1xx_HAL_Driver/Src/stm32f1xx_hal.o
 .debug_info    0x0000000000005e9d      0xb20 ./Drivers/STM32F1xx_HAL_Driver/Src/stm32f1xx_hal_cortex.o
 .debug_info    0x00000000000069bd      0x73f ./Drivers/STM32F1xx_HAL_Driver/Src/stm32f1xx_hal_dma.o
 .debug_info    0x00000000000070fc      0x615 ./Drivers/STM32F1xx_HAL_Driver/Src/stm32f1xx_hal_gpio.o
 .debug_info    0x0000000000007711     0x2734 ./Drivers/STM32F1xx_HAL_Driver/Src/stm32f1xx_hal_i2c.o
 .debug_info    0x0000000000009e45      0x860 ./Drivers/STM32F1xx_HAL_Driver/Src/stm32f1xx_hal_rcc.o
 .debug_info    0x000000000000a6a5     0x29de ./Drivers/STM32F1xx_HAL_Driver/Src/stm32f1xx_hal_tim.o
 .debug_info    0x000000000000d083     0x1513 ./Drivers/STM32F1xx_HAL_Driver/Src/stm32f1xx_hal_tim_ex.o
 .debug_info    0x000000000000e596     0x15d8 ./Drivers/STM32F1xx_HAL_Driver/Src/stm32f1xx_hal_uart.o

.debug_abbrev   0x0000000000000000     0x26c2
 .debug_abbrev  0x0000000000000000      0x225 ./Core/Src/dht20.o
 .debug_abbrev  0x0000000000000225      0x1c2 ./Core/Src/i2c-lcd.o
 .debug_abbrev  0x00000000000003e7       0xe5 ./Core/Src/led_display.o
 .debug_abbrev  0x00000000000004cc      0x335 ./Core/Src/main.o
 .debug_abbrev  0x0000000000000801      0x156 ./Core/Src/scheduler.o
 .debug_abbrev  0x0000000000000957       0xb6 ./Core/Src/software_timer.o
 .debug_abbrev  0x0000000000000a0d      0x1c5 ./Core/Src/stm32f1xx_hal_msp.o
 .debug_abbrev  0x0000000000000bd2      0x184 ./Core/Src/stm32f1xx_it.o
 .debug_abbrev  0x0000000000000d56       0xbb ./Core/Src/sysmem.o
 .debug_abbrev  0x0000000000000e11      0x13b ./Core/Src/system_stm32f1xx.o
 .debug_abbrev  0x0000000000000f4c      0x259 ./Core/Src/uart_reading.o
 .debug_abbrev  0x00000000000011a5       0x12 ./Core/Startup/startup_stm32f103rbtx.o
 .debug_abbrev  0x00000000000011b7      0x1fb ./Drivers/STM32F1xx_HAL_Driver/Src/stm32f1xx_hal.o
 .debug_abbrev  0x00000000000013b2      0x2ed ./Drivers/STM32F1xx_HAL_Driver/Src/stm32f1xx_hal_cortex.o
 .debug_abbrev  0x000000000000169f      0x1fe ./Drivers/STM32F1xx_HAL_Driver/Src/stm32f1xx_hal_dma.o
 .debug_abbrev  0x000000000000189d      0x1bb ./Drivers/STM32F1xx_HAL_Driver/Src/stm32f1xx_hal_gpio.o
 .debug_abbrev  0x0000000000001a58      0x288 ./Drivers/STM32F1xx_HAL_Driver/Src/stm32f1xx_hal_i2c.o
 .debug_abbrev  0x0000000000001ce0      0x2a8 ./Drivers/STM32F1xx_HAL_Driver/Src/stm32f1xx_hal_rcc.o
 .debug_abbrev  0x0000000000001f88      0x25d ./Drivers/STM32F1xx_HAL_Driver/Src/stm32f1xx_hal_tim.o
 .debug_abbrev  0x00000000000021e5      0x265 ./Drivers/STM32F1xx_HAL_Driver/Src/stm32f1xx_hal_tim_ex.o
 .debug_abbrev  0x000000000000244a      0x278 ./Drivers/STM32F1xx_HAL_Driver/Src/stm32f1xx_hal_uart.o

.debug_aranges  0x0000000000000000     0x1080
 .debug_aranges
                0x0000000000000000       0x40 ./Core/Src/dht20.o
 .debug_aranges
                0x0000000000000040       0x58 ./Core/Src/i2c-lcd.o
 .debug_aranges
                0x0000000000000098       0x30 ./Core/Src/led_display.o
 .debug_aranges
                0x00000000000000c8       0x68 ./Core/Src/main.o
 .debug_aranges
                0x0000000000000130       0x40 ./Core/Src/scheduler.o
 .debug_aranges
                0x0000000000000170       0x70 ./Core/Src/software_timer.o
 .debug_aranges
                0x00000000000001e0       0x50 ./Core/Src/stm32f1xx_hal_msp.o
 .debug_aranges
                0x0000000000000230       0x70 ./Core/Src/stm32f1xx_it.o
 .debug_aranges
                0x00000000000002a0       0x20 ./Core/Src/sysmem.o
 .debug_aranges
                0x00000000000002c0       0x28 ./Core/Src/system_stm32f1xx.o
 .debug_aranges
                0x00000000000002e8       0x50 ./Core/Src/uart_reading.o
 .debug_aranges
                0x0000000000000338       0x28 ./Core/Startup/startup_stm32f103rbtx.o
 .debug_aranges
                0x0000000000000360       0xe0 ./Drivers/STM32F1xx_HAL_Driver/Src/stm32f1xx_hal.o
 .debug_aranges
                0x0000000000000440      0x100 ./Drivers/STM32F1xx_HAL_Driver/Src/stm32f1xx_hal_cortex.o
 .debug_aranges
                0x0000000000000540       0x80 ./Drivers/STM32F1xx_HAL_Driver/Src/stm32f1xx_hal_dma.o
 .debug_aranges
                0x00000000000005c0       0x58 ./Drivers/STM32F1xx_HAL_Driver/Src/stm32f1xx_hal_gpio.o
 .debug_aranges
                0x0000000000000618      0x2a0 ./Drivers/STM32F1xx_HAL_Driver/Src/stm32f1xx_hal_i2c.o
 .debug_aranges
                0x00000000000008b8       0x90 ./Drivers/STM32F1xx_HAL_Driver/Src/stm32f1xx_hal_rcc.o
 .debug_aranges
                0x0000000000000948      0x3d0 ./Drivers/STM32F1xx_HAL_Driver/Src/stm32f1xx_hal_tim.o
 .debug_aranges
                0x0000000000000d18      0x168 ./Drivers/STM32F1xx_HAL_Driver/Src/stm32f1xx_hal_tim_ex.o
 .debug_aranges
                0x0000000000000e80      0x200 ./Drivers/STM32F1xx_HAL_Driver/Src/stm32f1xx_hal_uart.o

.debug_ranges   0x0000000000000000      0xf90
 .debug_ranges  0x0000000000000000       0x30 ./Core/Src/dht20.o
 .debug_ranges  0x0000000000000030       0x48 ./Core/Src/i2c-lcd.o
 .debug_ranges  0x0000000000000078       0x20 ./Core/Src/led_display.o
 .debug_ranges  0x0000000000000098       0x58 ./Core/Src/main.o
 .debug_ranges  0x00000000000000f0       0x30 ./Core/Src/scheduler.o
 .debug_ranges  0x0000000000000120       0x60 ./Core/Src/software_timer.o
 .debug_ranges  0x0000000000000180       0x40 ./Core/Src/stm32f1xx_hal_msp.o
 .debug_ranges  0x00000000000001c0       0x60 ./Core/Src/stm32f1xx_it.o
 .debug_ranges  0x0000000000000220       0x10 ./Core/Src/sysmem.o
 .debug_ranges  0x0000000000000230       0x18 ./Core/Src/system_stm32f1xx.o
 .debug_ranges  0x0000000000000248       0x40 ./Core/Src/uart_reading.o
 .debug_ranges  0x0000000000000288       0x20 ./Core/Startup/startup_stm32f103rbtx.o
 .debug_ranges  0x00000000000002a8       0xd0 ./Drivers/STM32F1xx_HAL_Driver/Src/stm32f1xx_hal.o
 .debug_ranges  0x0000000000000378       0xf0 ./Drivers/STM32F1xx_HAL_Driver/Src/stm32f1xx_hal_cortex.o
 .debug_ranges  0x0000000000000468       0x70 ./Drivers/STM32F1xx_HAL_Driver/Src/stm32f1xx_hal_dma.o
 .debug_ranges  0x00000000000004d8       0x48 ./Drivers/STM32F1xx_HAL_Driver/Src/stm32f1xx_hal_gpio.o
 .debug_ranges  0x0000000000000520      0x2b8 ./Drivers/STM32F1xx_HAL_Driver/Src/stm32f1xx_hal_i2c.o
 .debug_ranges  0x00000000000007d8       0x80 ./Drivers/STM32F1xx_HAL_Driver/Src/stm32f1xx_hal_rcc.o
 .debug_ranges  0x0000000000000858      0x3c0 ./Drivers/STM32F1xx_HAL_Driver/Src/stm32f1xx_hal_tim.o
 .debug_ranges  0x0000000000000c18      0x158 ./Drivers/STM32F1xx_HAL_Driver/Src/stm32f1xx_hal_tim_ex.o
 .debug_ranges  0x0000000000000d70      0x220 ./Drivers/STM32F1xx_HAL_Driver/Src/stm32f1xx_hal_uart.o

.debug_macro    0x0000000000000000    0x19243
 .debug_macro   0x0000000000000000      0x36d ./Core/Src/dht20.o
 .debug_macro   0x000000000000036d      0xa6c ./Core/Src/dht20.o
 .debug_macro   0x0000000000000dd9       0x22 ./Core/Src/dht20.o
 .debug_macro   0x0000000000000dfb       0x4c ./Core/Src/dht20.o
 .debug_macro   0x0000000000000e47       0x18 ./Core/Src/dht20.o
 .debug_macro   0x0000000000000e5f       0x94 ./Core/Src/dht20.o
 .debug_macro   0x0000000000000ef3       0x3c ./Core/Src/dht20.o
 .debug_macro   0x0000000000000f2f       0x34 ./Core/Src/dht20.o
 .debug_macro   0x0000000000000f63       0x16 ./Core/Src/dht20.o
 .debug_macro   0x0000000000000f79       0x57 ./Core/Src/dht20.o
 .debug_macro   0x0000000000000fd0       0x97 ./Core/Src/dht20.o
 .debug_macro   0x0000000000001067      0x341 ./Core/Src/dht20.o
 .debug_macro   0x00000000000013a8       0xfd ./Core/Src/dht20.o
 .debug_macro   0x00000000000014a5       0x10 ./Core/Src/dht20.o
 .debug_macro   0x00000000000014b5       0x16 ./Core/Src/dht20.o
 .debug_macro   0x00000000000014cb       0x43 ./Core/Src/dht20.o
 .debug_macro   0x000000000000150e       0x34 ./Core/Src/dht20.o
 .debug_macro   0x0000000000001542       0x10 ./Core/Src/dht20.o
 .debug_macro   0x0000000000001552       0x58 ./Core/Src/dht20.o
 .debug_macro   0x00000000000015aa       0x71 ./Core/Src/dht20.o
 .debug_macro   0x000000000000161b       0x1c ./Core/Src/dht20.o
 .debug_macro   0x0000000000001637      0x12a ./Core/Src/dht20.o
 .debug_macro   0x0000000000001761       0x10 ./Core/Src/dht20.o
 .debug_macro   0x0000000000001771       0x6a ./Core/Src/dht20.o
 .debug_macro   0x00000000000017db       0x1c ./Core/Src/dht20.o
 .debug_macro   0x00000000000017f7       0x52 ./Core/Src/dht20.o
 .debug_macro   0x0000000000001849       0x22 ./Core/Src/dht20.o
 .debug_macro   0x000000000000186b       0x10 ./Core/Src/dht20.o
 .debug_macro   0x000000000000187b       0x52 ./Core/Src/dht20.o
 .debug_macro   0x00000000000018cd       0xd5 ./Core/Src/dht20.o
 .debug_macro   0x00000000000019a2       0x1c ./Core/Src/dht20.o
 .debug_macro   0x00000000000019be       0x3d ./Core/Src/dht20.o
 .debug_macro   0x00000000000019fb       0x16 ./Core/Src/dht20.o
 .debug_macro   0x0000000000001a11      0x145 ./Core/Src/dht20.o
 .debug_macro   0x0000000000001b56       0x16 ./Core/Src/dht20.o
 .debug_macro   0x0000000000001b6c       0x35 ./Core/Src/dht20.o
 .debug_macro   0x0000000000001ba1       0x20 ./Core/Src/dht20.o
 .debug_macro   0x0000000000001bc1      0x221 ./Core/Src/dht20.o
 .debug_macro   0x0000000000001de2       0x2e ./Core/Src/dht20.o
 .debug_macro   0x0000000000001e10       0x22 ./Core/Src/dht20.o
 .debug_macro   0x0000000000001e32      0x103 ./Core/Src/dht20.o
 .debug_macro   0x0000000000001f35      0x1df ./Core/Src/dht20.o
 .debug_macro   0x0000000000002114       0x1c ./Core/Src/dht20.o
 .debug_macro   0x0000000000002130       0x22 ./Core/Src/dht20.o
 .debug_macro   0x0000000000002152       0xbd ./Core/Src/dht20.o
 .debug_macro   0x000000000000220f      0xd23 ./Core/Src/dht20.o
 .debug_macro   0x0000000000002f32     0xe09e ./Core/Src/dht20.o
 .debug_macro   0x0000000000010fd0       0x6d ./Core/Src/dht20.o
 .debug_macro   0x000000000001103d     0x3468 ./Core/Src/dht20.o
 .debug_macro   0x00000000000144a5       0x56 ./Core/Src/dht20.o
 .debug_macro   0x00000000000144fb      0x5be ./Core/Src/dht20.o
 .debug_macro   0x0000000000014ab9      0x289 ./Core/Src/dht20.o
 .debug_macro   0x0000000000014d42      0x1cb ./Core/Src/dht20.o
 .debug_macro   0x0000000000014f0d      0x114 ./Core/Src/dht20.o
 .debug_macro   0x0000000000015021      0x1b2 ./Core/Src/dht20.o
 .debug_macro   0x00000000000151d3       0x27 ./Core/Src/dht20.o
 .debug_macro   0x00000000000151fa      0x136 ./Core/Src/dht20.o
 .debug_macro   0x0000000000015330      0x1bc ./Core/Src/dht20.o
 .debug_macro   0x00000000000154ec       0x34 ./Core/Src/dht20.o
 .debug_macro   0x0000000000015520       0x3c ./Core/Src/dht20.o
 .debug_macro   0x000000000001555c       0x57 ./Core/Src/dht20.o
 .debug_macro   0x00000000000155b3       0x88 ./Core/Src/dht20.o
 .debug_macro   0x000000000001563b      0x241 ./Core/Src/dht20.o
 .debug_macro   0x000000000001587c      0x287 ./Core/Src/dht20.o
 .debug_macro   0x0000000000015b03      0x141 ./Core/Src/dht20.o
 .debug_macro   0x0000000000015c44      0x8d1 ./Core/Src/dht20.o
 .debug_macro   0x0000000000016515      0x279 ./Core/Src/dht20.o
 .debug_macro   0x000000000001678e       0x83 ./Core/Src/dht20.o
 .debug_macro   0x0000000000016811       0x10 ./Core/Src/dht20.o
 .debug_macro   0x0000000000016821      0x36d ./Core/Src/i2c-lcd.o
 .debug_macro   0x0000000000016b8e       0x8e ./Core/Src/i2c-lcd.o
 .debug_macro   0x0000000000016c1c       0x51 ./Core/Src/i2c-lcd.o
 .debug_macro   0x0000000000016c6d      0x174 ./Core/Src/i2c-lcd.o
 .debug_macro   0x0000000000016de1       0x5c ./Core/Src/i2c-lcd.o
 .debug_macro   0x0000000000016e3d       0x52 ./Core/Src/i2c-lcd.o
 .debug_macro   0x0000000000016e8f       0x16 ./Core/Src/i2c-lcd.o
 .debug_macro   0x0000000000016ea5      0x1c6 ./Core/Src/led_display.o
 .debug_macro   0x000000000001706b      0x3a6 ./Core/Src/main.o
 .debug_macro   0x0000000000017411       0x3a ./Core/Src/main.o
 .debug_macro   0x000000000001744b      0x1cc ./Core/Src/scheduler.o
 .debug_macro   0x0000000000017617       0x1b ./Core/Src/software_timer.o
 .debug_macro   0x0000000000017632      0x1bc ./Core/Src/stm32f1xx_hal_msp.o
 .debug_macro   0x00000000000177ee      0x1c6 ./Core/Src/stm32f1xx_it.o
 .debug_macro   0x00000000000179b4       0xff ./Core/Src/sysmem.o
 .debug_macro   0x0000000000017ab3      0x23b ./Core/Src/sysmem.o
 .debug_macro   0x0000000000017cee      0x1ad ./Core/Src/system_stm32f1xx.o
 .debug_macro   0x0000000000017e9b      0x389 ./Core/Src/uart_reading.o
 .debug_macro   0x0000000000018224       0x10 ./Core/Src/uart_reading.o
 .debug_macro   0x0000000000018234       0x10 ./Core/Src/uart_reading.o
 .debug_macro   0x0000000000018244      0x1d1 ./Drivers/STM32F1xx_HAL_Driver/Src/stm32f1xx_hal.o
 .debug_macro   0x0000000000018415      0x1ad ./Drivers/STM32F1xx_HAL_Driver/Src/stm32f1xx_hal_cortex.o
 .debug_macro   0x00000000000185c2      0x1ad ./Drivers/STM32F1xx_HAL_Driver/Src/stm32f1xx_hal_dma.o
 .debug_macro   0x000000000001876f      0x218 ./Drivers/STM32F1xx_HAL_Driver/Src/stm32f1xx_hal_gpio.o
 .debug_macro   0x0000000000018987      0x1f4 ./Drivers/STM32F1xx_HAL_Driver/Src/stm32f1xx_hal_i2c.o
 .debug_macro   0x0000000000018b7b      0x1bf ./Drivers/STM32F1xx_HAL_Driver/Src/stm32f1xx_hal_rcc.o
 .debug_macro   0x0000000000018d3a      0x1ae ./Drivers/STM32F1xx_HAL_Driver/Src/stm32f1xx_hal_tim.o
 .debug_macro   0x0000000000018ee8      0x1ad ./Drivers/STM32F1xx_HAL_Driver/Src/stm32f1xx_hal_tim_ex.o
 .debug_macro   0x0000000000019095      0x1ae ./Drivers/STM32F1xx_HAL_Driver/Src/stm32f1xx_hal_uart.o

.debug_line     0x0000000000000000    0x131ac
 .debug_line    0x0000000000000000      0xa2f ./Core/Src/dht20.o
 .debug_line    0x0000000000000a2f      0x9f5 ./Core/Src/i2c-lcd.o
 .debug_line    0x0000000000001424      0x6f0 ./Core/Src/led_display.o
 .debug_line    0x0000000000001b14      0xb23 ./Core/Src/main.o
 .debug_line    0x0000000000002637      0x848 ./Core/Src/scheduler.o
 .debug_line    0x0000000000002e7f      0x22e ./Core/Src/software_timer.o
 .debug_line    0x00000000000030ad      0x795 ./Core/Src/stm32f1xx_hal_msp.o
 .debug_line    0x0000000000003842      0x7ab ./Core/Src/stm32f1xx_it.o
 .debug_line    0x0000000000003fed      0x526 ./Core/Src/sysmem.o
 .debug_line    0x0000000000004513      0x737 ./Core/Src/system_stm32f1xx.o
 .debug_line    0x0000000000004c4a      0xacf ./Core/Src/uart_reading.o
 .debug_line    0x0000000000005719       0x87 ./Core/Startup/startup_stm32f103rbtx.o
 .debug_line    0x00000000000057a0      0x964 ./Drivers/STM32F1xx_HAL_Driver/Src/stm32f1xx_hal.o
 .debug_line    0x0000000000006104      0xb4c ./Drivers/STM32F1xx_HAL_Driver/Src/stm32f1xx_hal_cortex.o
 .debug_line    0x0000000000006c50      0xdbc ./Drivers/STM32F1xx_HAL_Driver/Src/stm32f1xx_hal_dma.o
 .debug_line    0x0000000000007a0c      0x9fb ./Drivers/STM32F1xx_HAL_Driver/Src/stm32f1xx_hal_gpio.o
 .debug_line    0x0000000000008407     0x3a4e ./Drivers/STM32F1xx_HAL_Driver/Src/stm32f1xx_hal_i2c.o
 .debug_line    0x000000000000be55      0xd72 ./Drivers/STM32F1xx_HAL_Driver/Src/stm32f1xx_hal_rcc.o
 .debug_line    0x000000000000cbc7     0x331a ./Drivers/STM32F1xx_HAL_Driver/Src/stm32f1xx_hal_tim.o
 .debug_line    0x000000000000fee1     0x188c ./Drivers/STM32F1xx_HAL_Driver/Src/stm32f1xx_hal_tim_ex.o
 .debug_line    0x000000000001176d     0x1a3f ./Drivers/STM32F1xx_HAL_Driver/Src/stm32f1xx_hal_uart.o

.debug_str      0x0000000000000000    0x8d281
 .debug_str     0x0000000000000000    0x88cf8 ./Core/Src/dht20.o
                                      0x89101 (size before relaxing)
 .debug_str     0x0000000000088cf8       0xb1 ./Core/Src/i2c-lcd.o
                                      0x88ea1 (size before relaxing)
 .debug_str     0x0000000000088da9       0x60 ./Core/Src/led_display.o
                                      0x84bd3 (size before relaxing)
 .debug_str     0x0000000000088e09      0x73f ./Core/Src/main.o
                                      0x897f5 (size before relaxing)
 .debug_str     0x0000000000089548       0xcd ./Core/Src/scheduler.o
                                      0x84c27 (size before relaxing)
 .debug_str     0x0000000000089615      0x185 ./Core/Src/software_timer.o
                                       0x2e37 (size before relaxing)
 .debug_str     0x000000000008979a      0x395 ./Core/Src/stm32f1xx_hal_msp.o
                                      0x858c9 (size before relaxing)
 .debug_str     0x0000000000089b2f      0x112 ./Core/Src/stm32f1xx_it.o
                                      0x852d4 (size before relaxing)
 .debug_str     0x0000000000089c41      0x4da ./Core/Src/sysmem.o
                                       0x5d53 (size before relaxing)
 .debug_str     0x000000000008a11b       0x7e ./Core/Src/system_stm32f1xx.o
                                      0x84baa (size before relaxing)
 .debug_str     0x000000000008a199       0xa2 ./Core/Src/uart_reading.o
                                      0x8919a (size before relaxing)
 .debug_str     0x000000000008a23b       0x69 ./Core/Startup/startup_stm32f103rbtx.o
 .debug_str     0x000000000008a2a4      0x384 ./Drivers/STM32F1xx_HAL_Driver/Src/stm32f1xx_hal.o
                                      0x852d9 (size before relaxing)
 .debug_str     0x000000000008a628      0x294 ./Drivers/STM32F1xx_HAL_Driver/Src/stm32f1xx_hal_cortex.o
                                      0x85225 (size before relaxing)
 .debug_str     0x000000000008a8bc      0x230 ./Drivers/STM32F1xx_HAL_Driver/Src/stm32f1xx_hal_dma.o
                                      0x84f4f (size before relaxing)
 .debug_str     0x000000000008aaec      0x2ce ./Drivers/STM32F1xx_HAL_Driver/Src/stm32f1xx_hal_gpio.o
                                      0x84f2c (size before relaxing)
 .debug_str     0x000000000008adba      0xb10 ./Drivers/STM32F1xx_HAL_Driver/Src/stm32f1xx_hal_i2c.o
                                      0x85c1a (size before relaxing)
 .debug_str     0x000000000008b8ca      0x209 ./Drivers/STM32F1xx_HAL_Driver/Src/stm32f1xx_hal_rcc.o
                                      0x84fd5 (size before relaxing)
 .debug_str     0x000000000008bad3      0xd9d ./Drivers/STM32F1xx_HAL_Driver/Src/stm32f1xx_hal_tim.o
                                      0x85fc0 (size before relaxing)
 .debug_str     0x000000000008c870      0x493 ./Drivers/STM32F1xx_HAL_Driver/Src/stm32f1xx_hal_tim_ex.o
                                      0x857dc (size before relaxing)
 .debug_str     0x000000000008cd03      0x57e ./Drivers/STM32F1xx_HAL_Driver/Src/stm32f1xx_hal_uart.o
                                      0x855e0 (size before relaxing)

.comment        0x0000000000000000       0x50
 .comment       0x0000000000000000       0x50 ./Core/Src/dht20.o
                                         0x51 (size before relaxing)
 .comment       0x0000000000000050       0x51 ./Core/Src/i2c-lcd.o
 .comment       0x0000000000000050       0x51 ./Core/Src/led_display.o
 .comment       0x0000000000000050       0x51 ./Core/Src/main.o
 .comment       0x0000000000000050       0x51 ./Core/Src/scheduler.o
 .comment       0x0000000000000050       0x51 ./Core/Src/software_timer.o
 .comment       0x0000000000000050       0x51 ./Core/Src/stm32f1xx_hal_msp.o
 .comment       0x0000000000000050       0x51 ./Core/Src/stm32f1xx_it.o
 .comment       0x0000000000000050       0x51 ./Core/Src/sysmem.o
 .comment       0x0000000000000050       0x51 ./Core/Src/system_stm32f1xx.o
 .comment       0x0000000000000050       0x51 ./Core/Src/uart_reading.o
 .comment       0x0000000000000050       0x51 ./Drivers/STM32F1xx_HAL_Driver/Src/stm32f1xx_hal.o
 .comment       0x0000000000000050       0x51 ./Drivers/STM32F1xx_HAL_Driver/Src/stm32f1xx_hal_cortex.o
 .comment       0x0000000000000050       0x51 ./Drivers/STM32F1xx_HAL_Driver/Src/stm32f1xx_hal_dma.o
 .comment       0x0000000000000050       0x51 ./Drivers/STM32F1xx_HAL_Driver/Src/stm32f1xx_hal_gpio.o
 .comment       0x0000000000000050       0x51 ./Drivers/STM32F1xx_HAL_Driver/Src/stm32f1xx_hal_i2c.o
 .comment       0x0000000000000050       0x51 ./Drivers/STM32F1xx_HAL_Driver/Src/stm32f1xx_hal_rcc.o
 .comment       0x0000000000000050       0x51 ./Drivers/STM32F1xx_HAL_Driver/Src/stm32f1xx_hal_tim.o
 .comment       0x0000000000000050       0x51 ./Drivers/STM32F1xx_HAL_Driver/Src/stm32f1xx_hal_tim_ex.o
 .comment       0x0000000000000050       0x51 ./Drivers/STM32F1xx_HAL_Driver/Src/stm32f1xx_hal_uart.o

.debug_frame    0x0000000000000000     0x4928
 .debug_frame   0x0000000000000000       0xcc ./Core/Src/dht20.o
 .debug_frame   0x00000000000000cc      0x110 ./Core/Src/i2c-lcd.o
 .debug_frame   0x00000000000001dc       0x64 ./Core/Src/led_display.o
 .debug_frame   0x0000000000000240      0x14c ./Core/Src/main.o
 .debug_frame   0x000000000000038c       0xd8 ./Core/Src/scheduler.o
 .debug_frame   0x0000000000000464      0x1c0 ./Core/Src/software_timer.o
 .debug_frame   0x0000000000000624      0x110 ./Core/Src/stm32f1xx_hal_msp.o
 .debug_frame   0x0000000000000734      0x13c ./Core/Src/stm32f1xx_it.o
 .debug_frame   0x0000000000000870       0x34 ./Core/Src/sysmem.o
 .debug_frame   0x00000000000008a4       0x58 ./Core/Src/system_stm32f1xx.o
 .debug_frame   0x00000000000008fc       0xfc ./Core/Src/uart_reading.o
 .debug_frame   0x00000000000009f8      0x334 ./Drivers/STM32F1xx_HAL_Driver/Src/stm32f1xx_hal.o
 .debug_frame   0x0000000000000d2c      0x428 ./Drivers/STM32F1xx_HAL_Driver/Src/stm32f1xx_hal_cortex.o
 .debug_frame   0x0000000000001154      0x208 ./Drivers/STM32F1xx_HAL_Driver/Src/stm32f1xx_hal_dma.o
 .debug_frame   0x000000000000135c      0x14c ./Drivers/STM32F1xx_HAL_Driver/Src/stm32f1xx_hal_gpio.o
 .debug_frame   0x00000000000014a8      0xc5c ./Drivers/STM32F1xx_HAL_Driver/Src/stm32f1xx_hal_i2c.o
 .debug_frame   0x0000000000002104      0x21c ./Drivers/STM32F1xx_HAL_Driver/Src/stm32f1xx_hal_rcc.o
 .debug_frame   0x0000000000002320     0x11b8 ./Drivers/STM32F1xx_HAL_Driver/Src/stm32f1xx_hal_tim.o
 .debug_frame   0x00000000000034d8      0x638 ./Drivers/STM32F1xx_HAL_Driver/Src/stm32f1xx_hal_tim_ex.o
 .debug_frame   0x0000000000003b10      0x914 ./Drivers/STM32F1xx_HAL_Driver/Src/stm32f1xx_hal_uart.o
 .debug_frame   0x0000000000004424       0x20 f:/applications/stm32cubeide_1.11.2/stm32cubeide/plugins/com.st.stm32cube.ide.mcu.externaltools.gnu-tools-for-stm32.10.3-2021.10.win32_1.0.100.202210260954/tools/bin/../lib/gcc/arm-none-eabi/10.3.1/../../../../arm-none-eabi/lib/thumb/v7-m/nofp\libc_nano.a(lib_a-errno.o)
 .debug_frame   0x0000000000004444       0x2c f:/applications/stm32cubeide_1.11.2/stm32cubeide/plugins/com.st.stm32cube.ide.mcu.externaltools.gnu-tools-for-stm32.10.3-2021.10.win32_1.0.100.202210260954/tools/bin/../lib/gcc/arm-none-eabi/10.3.1/../../../../arm-none-eabi/lib/thumb/v7-m/nofp\libc_nano.a(lib_a-init.o)
 .debug_frame   0x0000000000004470       0x20 f:/applications/stm32cubeide_1.11.2/stm32cubeide/plugins/com.st.stm32cube.ide.mcu.externaltools.gnu-tools-for-stm32.10.3-2021.10.win32_1.0.100.202210260954/tools/bin/../lib/gcc/arm-none-eabi/10.3.1/../../../../arm-none-eabi/lib/thumb/v7-m/nofp\libc_nano.a(lib_a-memset.o)
 .debug_frame   0x0000000000004490       0x7c f:/applications/stm32cubeide_1.11.2/stm32cubeide/plugins/com.st.stm32cube.ide.mcu.externaltools.gnu-tools-for-stm32.10.3-2021.10.win32_1.0.100.202210260954/tools/bin/../lib/gcc/arm-none-eabi/10.3.1/../../../../arm-none-eabi/lib/thumb/v7-m/nofp\libc_nano.a(lib_a-snprintf.o)
 .debug_frame   0x000000000000450c       0x6c f:/applications/stm32cubeide_1.11.2/stm32cubeide/plugins/com.st.stm32cube.ide.mcu.externaltools.gnu-tools-for-stm32.10.3-2021.10.win32_1.0.100.202210260954/tools/bin/../lib/gcc/arm-none-eabi/10.3.1/../../../../arm-none-eabi/lib/thumb/v7-m/nofp\libc_nano.a(lib_a-sprintf.o)
 .debug_frame   0x0000000000004578       0x90 f:/applications/stm32cubeide_1.11.2/stm32cubeide/plugins/com.st.stm32cube.ide.mcu.externaltools.gnu-tools-for-stm32.10.3-2021.10.win32_1.0.100.202210260954/tools/bin/../lib/gcc/arm-none-eabi/10.3.1/../../../../arm-none-eabi/lib/thumb/v7-m/nofp\libc_nano.a(lib_a-nano-svfprintf.o)
 .debug_frame   0x0000000000004608       0x60 f:/applications/stm32cubeide_1.11.2/stm32cubeide/plugins/com.st.stm32cube.ide.mcu.externaltools.gnu-tools-for-stm32.10.3-2021.10.win32_1.0.100.202210260954/tools/bin/../lib/gcc/arm-none-eabi/10.3.1/../../../../arm-none-eabi/lib/thumb/v7-m/nofp\libc_nano.a(lib_a-nano-vfprintf_i.o)
 .debug_frame   0x0000000000004668       0x28 f:/applications/stm32cubeide_1.11.2/stm32cubeide/plugins/com.st.stm32cube.ide.mcu.externaltools.gnu-tools-for-stm32.10.3-2021.10.win32_1.0.100.202210260954/tools/bin/../lib/gcc/arm-none-eabi/10.3.1/../../../../arm-none-eabi/lib/thumb/v7-m/nofp\libc_nano.a(lib_a-memchr-stub.o)
 .debug_frame   0x0000000000004690       0x28 f:/applications/stm32cubeide_1.11.2/stm32cubeide/plugins/com.st.stm32cube.ide.mcu.externaltools.gnu-tools-for-stm32.10.3-2021.10.win32_1.0.100.202210260954/tools/bin/../lib/gcc/arm-none-eabi/10.3.1/../../../../arm-none-eabi/lib/thumb/v7-m/nofp\libc_nano.a(lib_a-memcpy-stub.o)
 .debug_frame   0x00000000000046b8       0x28 f:/applications/stm32cubeide_1.11.2/stm32cubeide/plugins/com.st.stm32cube.ide.mcu.externaltools.gnu-tools-for-stm32.10.3-2021.10.win32_1.0.100.202210260954/tools/bin/../lib/gcc/arm-none-eabi/10.3.1/../../../../arm-none-eabi/lib/thumb/v7-m/nofp\libc_nano.a(lib_a-memmove.o)
 .debug_frame   0x00000000000046e0       0x38 f:/applications/stm32cubeide_1.11.2/stm32cubeide/plugins/com.st.stm32cube.ide.mcu.externaltools.gnu-tools-for-stm32.10.3-2021.10.win32_1.0.100.202210260954/tools/bin/../lib/gcc/arm-none-eabi/10.3.1/../../../../arm-none-eabi/lib/thumb/v7-m/nofp\libc_nano.a(lib_a-nano-freer.o)
 .debug_frame   0x0000000000004718       0x4c f:/applications/stm32cubeide_1.11.2/stm32cubeide/plugins/com.st.stm32cube.ide.mcu.externaltools.gnu-tools-for-stm32.10.3-2021.10.win32_1.0.100.202210260954/tools/bin/../lib/gcc/arm-none-eabi/10.3.1/../../../../arm-none-eabi/lib/thumb/v7-m/nofp\libc_nano.a(lib_a-nano-mallocr.o)
 .debug_frame   0x0000000000004764       0x3c f:/applications/stm32cubeide_1.11.2/stm32cubeide/plugins/com.st.stm32cube.ide.mcu.externaltools.gnu-tools-for-stm32.10.3-2021.10.win32_1.0.100.202210260954/tools/bin/../lib/gcc/arm-none-eabi/10.3.1/../../../../arm-none-eabi/lib/thumb/v7-m/nofp\libc_nano.a(lib_a-nano-reallocr.o)
 .debug_frame   0x00000000000047a0       0x2c f:/applications/stm32cubeide_1.11.2/stm32cubeide/plugins/com.st.stm32cube.ide.mcu.externaltools.gnu-tools-for-stm32.10.3-2021.10.win32_1.0.100.202210260954/tools/bin/../lib/gcc/arm-none-eabi/10.3.1/../../../../arm-none-eabi/lib/thumb/v7-m/nofp\libc_nano.a(lib_a-sbrkr.o)
 .debug_frame   0x00000000000047cc       0x30 f:/applications/stm32cubeide_1.11.2/stm32cubeide/plugins/com.st.stm32cube.ide.mcu.externaltools.gnu-tools-for-stm32.10.3-2021.10.win32_1.0.100.202210260954/tools/bin/../lib/gcc/arm-none-eabi/10.3.1/../../../../arm-none-eabi/lib/thumb/v7-m/nofp\libc_nano.a(lib_a-mlock.o)